Running CTS...
OpenROAD v2.0-27886-g745f72f2bf 
Features included (+) or not (-): +GPU +GUI +Python
This program is licensed under the BSD-3 license. See the LICENSE file for details.
Components of this program may be licensed under more restrictive licenses which must be honored.
[INFO ODB-0227] LEF file: /home/manal/OpenROAD/test/sky130hd/sky130hd.tlef, created 13 layers, 25 vias
[WARNING ODB-0220] WARNING (LEFPARS-2008): NOWIREEXTENSIONATPIN statement is obsolete in version 5.6 or later.
The NOWIREEXTENSIONATPIN statement will be ignored. See file /home/manal/OpenROAD/test/sky130hd/sky130_fd_sc_hd.lef at line 2.

[INFO ODB-0227] LEF file: /home/manal/OpenROAD/test/sky130hd/sky130_fd_sc_hd.lef, created 437 library cells
[INFO ODB-0227] LEF file: ../macros/sky130_sram_1kbyte_1rw1r_32x256_8.lef, created 1 library cells
[INFO ODB-0127] Reading DEF file: output/placement.def
[INFO ODB-0128] Design: mini_soc_top
[INFO ODB-0094] 		Created 100000 Insts
[INFO ODB-0130]     Created 5 pins.
[INFO ODB-0131]     Created 178787 components and 753771 component-terminals.
[INFO ODB-0132]     Created 2 special nets and 357574 connections.
[INFO ODB-0133]     Created 10563 nets and 38223 connections.
[INFO ODB-0134] Finished DEF file: output/placement.def
[INFO CTS-0050] Root buffer is sky130_fd_sc_hd__clkbuf_16.
[INFO CTS-0051] Sink buffer is sky130_fd_sc_hd__clkbuf_16.
[INFO CTS-0052] The following clock buffers will be used for CTS:
                    sky130_fd_sc_hd__clkbuf_4
                    sky130_fd_sc_hd__clkbuf_8
                    sky130_fd_sc_hd__clkbuf_16
[INFO CTS-0049] Characterization buffer is sky130_fd_sc_hd__clkbuf_16.
[INFO CTS-0007] Net "clk" found for clock "clk".
[INFO CTS-0011]  Clock net "clk" for macros has 2 sinks.
[INFO CTS-0011]  Clock net "clk_regs" for registers has 1997 sinks.
[INFO CTS-0008] TritonCTS found 2 clock nets.
[INFO CTS-0097] Characterization used 3 buffer(s) types.
[INFO CTS-0201] 2 blockages from hard placement blockages and placed macros will be used.
[INFO CTS-0027] Generating H-Tree topology for net clk.
[INFO CTS-0028]  Total number of sinks: 2.
[INFO CTS-0030]  Number of static layers: 0.
[INFO CTS-0020]  Wire segment unit: 13600  dbu (13 um).
[INFO CTS-0023]  Original sink region: [(500780, 450160), (500780, 1051960)].
[INFO CTS-0024]  Normalized sink region: [(36.8221, 33.1), (36.8221, 77.35)].
[INFO CTS-0025]     Width:  0.0000.
[INFO CTS-0026]     Height: 44.2500.
 Level 1
    Direction: Vertical
    Sinks per sub-region: 1
    Sub-region size: 0.0000 X 22.1250
[INFO CTS-0034]     Segment length (rounded): 11.
[INFO CTS-0032]  Stop criterion found. Max number of sinks is 15.
[INFO CTS-0035]  Number of sinks covered: 2.
[INFO CTS-0201] 2 blockages from hard placement blockages and placed macros will be used.
[INFO CTS-0027] Generating H-Tree topology for net clk_regs.
[INFO CTS-0028]  Total number of sinks: 1997.
[INFO CTS-0030]  Number of static layers: 0.
[INFO CTS-0020]  Wire segment unit: 13600  dbu (13 um).
[INFO CTS-0023]  Original sink region: [(43045, 53100), (1450645, 1453780)].
[INFO CTS-0024]  Normalized sink region: [(3.16507, 3.90441), (106.665, 106.896)].
[INFO CTS-0025]     Width:  103.5000.
[INFO CTS-0026]     Height: 102.9912.
 Level 1
    Direction: Horizontal
    Sinks per sub-region: 999
    Sub-region size: 51.7500 X 102.9912
[INFO CTS-0034]     Segment length (rounded): 26.
 Level 2
    Direction: Vertical
    Sinks per sub-region: 500
    Sub-region size: 51.7500 X 51.4956
[INFO CTS-0034]     Segment length (rounded): 26.
 Level 3
    Direction: Horizontal
    Sinks per sub-region: 250
    Sub-region size: 25.8750 X 51.4956
[INFO CTS-0034]     Segment length (rounded): 12.
 Level 4
    Direction: Vertical
    Sinks per sub-region: 125
    Sub-region size: 25.8750 X 25.7478
[INFO CTS-0034]     Segment length (rounded): 12.
 Level 5
    Direction: Horizontal
    Sinks per sub-region: 63
    Sub-region size: 12.9375 X 25.7478
[INFO CTS-0034]     Segment length (rounded): 6.
 Level 6
    Direction: Vertical
    Sinks per sub-region: 32
    Sub-region size: 12.9375 X 12.8739
[INFO CTS-0034]     Segment length (rounded): 6.
 Level 7
    Direction: Horizontal
    Sinks per sub-region: 16
    Sub-region size: 6.4687 X 12.8739
[INFO CTS-0034]     Segment length (rounded): 4.
 Level 8
    Direction: Vertical
    Sinks per sub-region: 8
    Sub-region size: 6.4687 X 6.4369
[INFO CTS-0034]     Segment length (rounded): 4.
[INFO CTS-0032]  Stop criterion found. Max number of sinks is 15.
[INFO CTS-0035]  Number of sinks covered: 1997.
[INFO CTS-0018]     Created 3 clock buffers.
[INFO CTS-0012]     Minimum number of buffers in the clock path: 2.
[INFO CTS-0013]     Maximum number of buffers in the clock path: 2.
[INFO CTS-0015]     Created 3 clock nets.
[INFO CTS-0016]     Fanout distribution for the current clock = 1:2..
[INFO CTS-0017]     Max level of the clock tree: 1.
[INFO CTS-0018]     Created 279 clock buffers.
[INFO CTS-0012]     Minimum number of buffers in the clock path: 5.
[INFO CTS-0013]     Maximum number of buffers in the clock path: 5.
[INFO CTS-0015]     Created 279 clock nets.
[INFO CTS-0016]     Fanout distribution for the current clock = 1:1, 2:2, 3:7, 4:22, 5:21, 6:46, 7:32, 8:31, 9:21, 10:31, 11:13, 12:14, 13:8, 14:1, 15:4, 21:2..
[INFO CTS-0017]     Max level of the clock tree: 8.
[INFO CTS-0098] Clock net "clk"
[INFO CTS-0099]  Sinks 2
[INFO CTS-0100]  Leaf buffers 0
[INFO CTS-0101]  Average sink wire length 1060.50 um
[INFO CTS-0102]  Path depth 2 - 2
[INFO CTS-0207]  Dummy loads inserted 0
[INFO CTS-0098] Clock net "clk_regs"
[INFO CTS-0099]  Sinks 2230
[INFO CTS-0100]  Leaf buffers 0
[INFO CTS-0101]  Average sink wire length 1183.79 um
[INFO CTS-0102]  Path depth 5 - 5
[INFO CTS-0207]  Dummy loads inserted 233
[INFO CTS-0033] Balancing latency for clock clk
[INFO CTS-0036]  inserted 7 delay buffers
[INFO CTS-0037] Total number of delay buffers: 7
[INFO RSZ-0100] Repair move sequence: UnbufferMove SizeUpMove SwapPinsMove BufferMove CloneMove SplitLoadMove 
[INFO RSZ-0094] Found 832 endpoints with setup violations.
[INFO RSZ-0099] Repairing 832 out of 832 (100.00%) violating endpoints...
   Iter   | Removed | Resized | Inserted | Cloned |  Pin  |   Area   |    WNS   |   TNS      |  Viol  | Worst
          | Buffers |  Gates  | Buffers  |  Gates | Swaps |          |          |            | Endpts | Endpt
--------------------------------------------------------------------------------------------------------------
        0 |       0 |       0 |        0 |      0 |     0 |    +0.0% |   -6.257 |    -1389.7 |    832 | cpu_inst/_16483_/D
[WARNING RSZ-2021] cannot find a viable buffering solution on pin cpu_inst/_11368_/Y after 1 rounds of buffering (no solution meets design rules)
    final |       0 |       4 |        0 |      6 |     2 |    +0.0% |    0.613 |        0.0 |      0 | cpu_inst/_16164_/D
--------------------------------------------------------------------------------------------------------------
[INFO RSZ-0051] Resized 4 instances: 4 up, 0 up match, 0 down, 0 VT
[INFO RSZ-0043] Swapped pins on 2 instances.
[INFO RSZ-0049] Cloned 6 instances.
[INFO RSZ-0033] No hold violations found.
Placement Analysis
---------------------------------
total displacement       1168.8 u
average displacement        0.1 u
max displacement            7.4 u
original HPWL          731351.3 u
legalized HPWL         731591.1 u
delta HPWL                    0 %

[WARNING DPL-0011] Padding check failed (2).
[ERROR DPL-0033] detailed placement checks failed.
DPL-0033
Iteration |   Area    | Resized | Buffers | Nets repaired | Remaining
---------------------------------------------------------------------
        0 |     +0.0% |       0 |       0 |             0 |     11266
    final |     +1.1% |     141 |     264 |           184 |         0
---------------------------------------------------------------------
[INFO RSZ-0034] Found 179 slew violations.
[INFO RSZ-0036] Found 40 capacitance violations.
[INFO RSZ-0039] Resized 141 instances.
[INFO RSZ-0038] Inserted 264 buffers in 184 nets.
[INFO DPL-0001] Placed 167979 filler instances.
Clock clk
   1.26 source latency imem_inst/sram_macro/clk0 v
  -1.13 target latency cpu_inst/_16562_/CLK ^
   0.25 clock uncertainty
   0.00 CRPR
--------------
   0.39 setup skew

Clock clk
   1.09 source latency timer_inst/_675_/CLK ^
  -1.17 target latency cpu_inst/_16495_/CLK ^
  -0.25 clock uncertainty
   0.00 CRPR
--------------
  -0.33 hold skew

Startpoint: reset_n (input port clocked by clk)
Endpoint: bus_inst/_299_ (removal check against rising-edge clock clk)
Path Group: asynchronous
Path Type: min

  Delay    Time   Description
---------------------------------------------------------
   0.00    0.00   clock clk (rise edge)
   0.00    0.00   clock network delay (propagated)
   4.00    4.00 ^ input external delay
   0.20    4.20 ^ reset_n (in)
   0.00    4.20 ^ bus_inst/_299_/RESET_B (sky130_fd_sc_hd__dfrtp_1)
           4.20   data arrival time

   0.00    0.00   clock clk (rise edge)
   1.14    1.14   clock network delay (propagated)
   0.25    1.39   clock uncertainty
   0.00    1.39   clock reconvergence pessimism
           1.39 ^ bus_inst/_299_/CLK (sky130_fd_sc_hd__dfrtp_1)
   0.39    1.78   library removal time
           1.78   data required time
---------------------------------------------------------
           1.78   data required time
          -4.20   data arrival time
---------------------------------------------------------
           2.42   slack (MET)


Startpoint: reset_n (input port clocked by clk)
Endpoint: bus_inst/_300_ (removal check against rising-edge clock clk)
Path Group: asynchronous
Path Type: min

  Delay    Time   Description
---------------------------------------------------------
   0.00    0.00   clock clk (rise edge)
   0.00    0.00   clock network delay (propagated)
   4.00    4.00 ^ input external delay
   0.20    4.20 ^ reset_n (in)
   0.00    4.20 ^ bus_inst/_300_/RESET_B (sky130_fd_sc_hd__dfrtp_1)
           4.20   data arrival time

   0.00    0.00   clock clk (rise edge)
   1.14    1.14   clock network delay (propagated)
   0.25    1.39   clock uncertainty
   0.00    1.39   clock reconvergence pessimism
           1.39 ^ bus_inst/_300_/CLK (sky130_fd_sc_hd__dfrtp_1)
   0.39    1.78   library removal time
           1.78   data required time
---------------------------------------------------------
           1.78   data required time
          -4.20   data arrival time
---------------------------------------------------------
           2.42   slack (MET)


Startpoint: reset_n (input port clocked by clk)
Endpoint: bus_inst/_298_ (removal check against rising-edge clock clk)
Path Group: asynchronous
Path Type: min

  Delay    Time   Description
---------------------------------------------------------
   0.00    0.00   clock clk (rise edge)
   0.00    0.00   clock network delay (propagated)
   4.00    4.00 ^ input external delay
   0.20    4.20 ^ reset_n (in)
   0.00    4.20 ^ bus_inst/_298_/RESET_B (sky130_fd_sc_hd__dfrtp_2)
           4.20   data arrival time

   0.00    0.00   clock clk (rise edge)
   1.14    1.14   clock network delay (propagated)
   0.25    1.39   clock uncertainty
   0.00    1.39   clock reconvergence pessimism
           1.39 ^ bus_inst/_298_/CLK (sky130_fd_sc_hd__dfrtp_2)
   0.40    1.78   library removal time
           1.78   data required time
---------------------------------------------------------
           1.78   data required time
          -4.20   data arrival time
---------------------------------------------------------
           2.42   slack (MET)


Startpoint: reset_n (input port clocked by clk)
Endpoint: bus_inst/_297_ (removal check against rising-edge clock clk)
Path Group: asynchronous
Path Type: min

  Delay    Time   Description
---------------------------------------------------------
   0.00    0.00   clock clk (rise edge)
   0.00    0.00   clock network delay (propagated)
   4.00    4.00 ^ input external delay
   0.44    4.44 ^ reset_n (in)
   0.00    4.44 ^ bus_inst/_297_/RESET_B (sky130_fd_sc_hd__dfrtp_2)
           4.44   data arrival time

   0.00    0.00   clock clk (rise edge)
   1.14    1.14   clock network delay (propagated)
   0.25    1.39   clock uncertainty
   0.00    1.39   clock reconvergence pessimism
           1.39 ^ bus_inst/_297_/CLK (sky130_fd_sc_hd__dfrtp_2)
   0.52    1.91   library removal time
           1.91   data required time
---------------------------------------------------------
           1.91   data required time
          -4.44   data arrival time
---------------------------------------------------------
           2.53   slack (MET)


Startpoint: cpu_inst/_16646_ (rising edge-triggered flip-flop clocked by clk)
Endpoint: dmem_inst/sram_macro (falling edge-triggered flip-flop clocked by clk)
Path Group: clk
Path Type: min

  Delay    Time   Description
---------------------------------------------------------
   0.00    0.00   clock clk (rise edge)
   1.09    1.09   clock network delay (propagated)
   0.00    1.09 ^ cpu_inst/_16646_/CLK (sky130_fd_sc_hd__dfxtp_1)
   0.35    1.44 v cpu_inst/_16646_/Q (sky130_fd_sc_hd__dfxtp_1)
   0.00    1.44 v dmem_inst/sram_macro/din0[27] (sky130_sram_1kbyte_1rw1r_32x256_8)
           1.44   data arrival time

   0.00    0.00   clock clk (rise edge)
   1.11    1.11   clock network delay (propagated)
   0.25    1.36   clock uncertainty
   0.00    1.36   clock reconvergence pessimism
           1.36 ^ dmem_inst/sram_macro/clk0 (sky130_sram_1kbyte_1rw1r_32x256_8)
  -0.06    1.30   library hold time
           1.30   data required time
---------------------------------------------------------
           1.30   data required time
          -1.44   data arrival time
---------------------------------------------------------
           0.14   slack (MET)


Startpoint: cpu_inst/_16645_ (rising edge-triggered flip-flop clocked by clk)
Endpoint: dmem_inst/sram_macro (falling edge-triggered flip-flop clocked by clk)
Path Group: clk
Path Type: min

  Delay    Time   Description
---------------------------------------------------------
   0.00    0.00   clock clk (rise edge)
   1.09    1.09   clock network delay (propagated)
   0.00    1.09 ^ cpu_inst/_16645_/CLK (sky130_fd_sc_hd__dfxtp_1)
   0.35    1.44 v cpu_inst/_16645_/Q (sky130_fd_sc_hd__dfxtp_1)
   0.00    1.44 v dmem_inst/sram_macro/din0[26] (sky130_sram_1kbyte_1rw1r_32x256_8)
           1.44   data arrival time

   0.00    0.00   clock clk (rise edge)
   1.11    1.11   clock network delay (propagated)
   0.25    1.36   clock uncertainty
   0.00    1.36   clock reconvergence pessimism
           1.36 ^ dmem_inst/sram_macro/clk0 (sky130_sram_1kbyte_1rw1r_32x256_8)
  -0.06    1.30   library hold time
           1.30   data required time
---------------------------------------------------------
           1.30   data required time
          -1.44   data arrival time
---------------------------------------------------------
           0.14   slack (MET)


Startpoint: cpu_inst/_16649_ (rising edge-triggered flip-flop clocked by clk)
Endpoint: dmem_inst/sram_macro (falling edge-triggered flip-flop clocked by clk)
Path Group: clk
Path Type: min

  Delay    Time   Description
---------------------------------------------------------
   0.00    0.00   clock clk (rise edge)
   1.09    1.09   clock network delay (propagated)
   0.00    1.09 ^ cpu_inst/_16649_/CLK (sky130_fd_sc_hd__dfxtp_1)
   0.35    1.45 v cpu_inst/_16649_/Q (sky130_fd_sc_hd__dfxtp_1)
   0.00    1.45 v dmem_inst/sram_macro/din0[30] (sky130_sram_1kbyte_1rw1r_32x256_8)
           1.45   data arrival time

   0.00    0.00   clock clk (rise edge)
   1.11    1.11   clock network delay (propagated)
   0.25    1.36   clock uncertainty
   0.00    1.36   clock reconvergence pessimism
           1.36 ^ dmem_inst/sram_macro/clk0 (sky130_sram_1kbyte_1rw1r_32x256_8)
  -0.06    1.30   library hold time
           1.30   data required time
---------------------------------------------------------
           1.30   data required time
          -1.45   data arrival time
---------------------------------------------------------
           0.15   slack (MET)


Startpoint: cpu_inst/_16639_ (rising edge-triggered flip-flop clocked by clk)
Endpoint: dmem_inst/sram_macro (falling edge-triggered flip-flop clocked by clk)
Path Group: clk
Path Type: min

  Delay    Time   Description
---------------------------------------------------------
   0.00    0.00   clock clk (rise edge)
   1.09    1.09   clock network delay (propagated)
   0.00    1.09 ^ cpu_inst/_16639_/CLK (sky130_fd_sc_hd__dfxtp_1)
   0.35    1.45 v cpu_inst/_16639_/Q (sky130_fd_sc_hd__dfxtp_1)
   0.00    1.45 v dmem_inst/sram_macro/din0[20] (sky130_sram_1kbyte_1rw1r_32x256_8)
           1.45   data arrival time

   0.00    0.00   clock clk (rise edge)
   1.11    1.11   clock network delay (propagated)
   0.25    1.36   clock uncertainty
   0.00    1.36   clock reconvergence pessimism
           1.36 ^ dmem_inst/sram_macro/clk0 (sky130_sram_1kbyte_1rw1r_32x256_8)
  -0.06    1.30   library hold time
           1.30   data required time
---------------------------------------------------------
           1.30   data required time
          -1.45   data arrival time
---------------------------------------------------------
           0.15   slack (MET)


Startpoint: cpu_inst/_16647_ (rising edge-triggered flip-flop clocked by clk)
Endpoint: dmem_inst/sram_macro (falling edge-triggered flip-flop clocked by clk)
Path Group: clk
Path Type: min

  Delay    Time   Description
---------------------------------------------------------
   0.00    0.00   clock clk (rise edge)
   1.09    1.09   clock network delay (propagated)
   0.00    1.09 ^ cpu_inst/_16647_/CLK (sky130_fd_sc_hd__dfxtp_1)
   0.36    1.45 v cpu_inst/_16647_/Q (sky130_fd_sc_hd__dfxtp_1)
   0.00    1.45 v dmem_inst/sram_macro/din0[28] (sky130_sram_1kbyte_1rw1r_32x256_8)
           1.45   data arrival time

   0.00    0.00   clock clk (rise edge)
   1.11    1.11   clock network delay (propagated)
   0.25    1.36   clock uncertainty
   0.00    1.36   clock reconvergence pessimism
           1.36 ^ dmem_inst/sram_macro/clk0 (sky130_sram_1kbyte_1rw1r_32x256_8)
  -0.06    1.30   library hold time
           1.30   data required time
---------------------------------------------------------
           1.30   data required time
          -1.45   data arrival time
---------------------------------------------------------
           0.15   slack (MET)


Startpoint: reset_n (input port clocked by clk)
Endpoint: bus_inst/_297_ (recovery check against rising-edge clock clk)
Path Group: asynchronous
Path Type: max

  Delay    Time   Description
---------------------------------------------------------
   0.00    0.00   clock clk (rise edge)
   0.00    0.00   clock network delay (propagated)
   4.00    4.00 ^ input external delay
   0.44    4.44 ^ reset_n (in)
   0.00    4.44 ^ bus_inst/_297_/RESET_B (sky130_fd_sc_hd__dfrtp_2)
           4.44   data arrival time

  20.00   20.00   clock clk (rise edge)
   1.14   21.14   clock network delay (propagated)
  -0.25   20.89   clock uncertainty
   0.00   20.89   clock reconvergence pessimism
          20.89 ^ bus_inst/_297_/CLK (sky130_fd_sc_hd__dfrtp_2)
  -0.01   20.87   library recovery time
          20.87   data required time
---------------------------------------------------------
          20.87   data required time
          -4.44   data arrival time
---------------------------------------------------------
          16.43   slack (MET)


Startpoint: reset_n (input port clocked by clk)
Endpoint: bus_inst/_298_ (recovery check against rising-edge clock clk)
Path Group: asynchronous
Path Type: max

  Delay    Time   Description
---------------------------------------------------------
   0.00    0.00   clock clk (rise edge)
   0.00    0.00   clock network delay (propagated)
   4.00    4.00 ^ input external delay
   0.20    4.20 ^ reset_n (in)
   0.00    4.20 ^ bus_inst/_298_/RESET_B (sky130_fd_sc_hd__dfrtp_2)
           4.20   data arrival time

  20.00   20.00   clock clk (rise edge)
   1.14   21.14   clock network delay (propagated)
  -0.25   20.89   clock uncertainty
   0.00   20.89   clock reconvergence pessimism
          20.89 ^ bus_inst/_298_/CLK (sky130_fd_sc_hd__dfrtp_2)
   0.14   21.03   library recovery time
          21.03   data required time
---------------------------------------------------------
          21.03   data required time
          -4.20   data arrival time
---------------------------------------------------------
          16.82   slack (MET)


Startpoint: reset_n (input port clocked by clk)
Endpoint: bus_inst/_300_ (recovery check against rising-edge clock clk)
Path Group: asynchronous
Path Type: max

  Delay    Time   Description
---------------------------------------------------------
   0.00    0.00   clock clk (rise edge)
   0.00    0.00   clock network delay (propagated)
   4.00    4.00 ^ input external delay
   0.20    4.20 ^ reset_n (in)
   0.00    4.20 ^ bus_inst/_300_/RESET_B (sky130_fd_sc_hd__dfrtp_1)
           4.20   data arrival time

  20.00   20.00   clock clk (rise edge)
   1.14   21.14   clock network delay (propagated)
  -0.25   20.89   clock uncertainty
   0.00   20.89   clock reconvergence pessimism
          20.89 ^ bus_inst/_300_/CLK (sky130_fd_sc_hd__dfrtp_1)
   0.17   21.06   library recovery time
          21.06   data required time
---------------------------------------------------------
          21.06   data required time
          -4.20   data arrival time
---------------------------------------------------------
          16.86   slack (MET)


Startpoint: reset_n (input port clocked by clk)
Endpoint: bus_inst/_299_ (recovery check against rising-edge clock clk)
Path Group: asynchronous
Path Type: max

  Delay    Time   Description
---------------------------------------------------------
   0.00    0.00   clock clk (rise edge)
   0.00    0.00   clock network delay (propagated)
   4.00    4.00 ^ input external delay
   0.20    4.20 ^ reset_n (in)
   0.00    4.20 ^ bus_inst/_299_/RESET_B (sky130_fd_sc_hd__dfrtp_1)
           4.20   data arrival time

  20.00   20.00   clock clk (rise edge)
   1.14   21.14   clock network delay (propagated)
  -0.25   20.89   clock uncertainty
   0.00   20.89   clock reconvergence pessimism
          20.89 ^ bus_inst/_299_/CLK (sky130_fd_sc_hd__dfrtp_1)
   0.17   21.06   library recovery time
          21.06   data required time
---------------------------------------------------------
          21.06   data required time
          -4.20   data arrival time
---------------------------------------------------------
          16.86   slack (MET)


Startpoint: reset_n (input port clocked by clk)
Endpoint: cpu_inst/_16228_ (rising edge-triggered flip-flop clocked by clk)
Path Group: clk
Path Type: max

  Delay    Time   Description
---------------------------------------------------------
   0.00    0.00   clock clk (rise edge)
   0.00    0.00   clock network delay (propagated)
   4.00    4.00 v input external delay
   0.51    4.51 v reset_n (in)
   1.00    5.50 ^ cpu_inst/_10060_/Y (sky130_fd_sc_hd__nand2_4)
   0.41    5.91 v cpu_inst/_10155_/Y (sky130_fd_sc_hd__nor2_1)
   0.48    6.39 v cpu_inst/_10210_/X (sky130_fd_sc_hd__maj3_1)
   0.42    6.81 v cpu_inst/_10211_/X (sky130_fd_sc_hd__maj3_1)
   0.43    7.25 v cpu_inst/_10213_/X (sky130_fd_sc_hd__maj3_1)
   0.41    7.65 v cpu_inst/_10214_/X (sky130_fd_sc_hd__maj3_1)
   0.40    8.06 v cpu_inst/_10216_/X (sky130_fd_sc_hd__maj3_1)
   0.41    8.46 v cpu_inst/_10217_/X (sky130_fd_sc_hd__maj3_1)
   0.43    8.90 v cpu_inst/_10219_/X (sky130_fd_sc_hd__maj3_1)
   0.42    9.32 v cpu_inst/_10220_/X (sky130_fd_sc_hd__maj3_1)
   0.42    9.74 v cpu_inst/_10222_/X (sky130_fd_sc_hd__maj3_1)
   0.41   10.15 v cpu_inst/_10223_/X (sky130_fd_sc_hd__maj3_1)
   0.42   10.57 v cpu_inst/_10224_/X (sky130_fd_sc_hd__maj3_1)
   0.45   11.01 v cpu_inst/_10225_/X (sky130_fd_sc_hd__maj3_1)
   0.15   11.17 ^ cpu_inst/_10228_/Y (sky130_fd_sc_hd__nand3_1)
   0.15   11.32 v cpu_inst/_10231_/Y (sky130_fd_sc_hd__a31oi_1)
   0.42   11.74 ^ cpu_inst/_10234_/Y (sky130_fd_sc_hd__o21ai_0)
   0.28   12.02 v cpu_inst/_10236_/Y (sky130_fd_sc_hd__a21boi_0)
   0.33   12.34 ^ cpu_inst/_10238_/Y (sky130_fd_sc_hd__o21ai_0)
   0.18   12.52 v cpu_inst/_10242_/Y (sky130_fd_sc_hd__a211oi_1)
   0.29   12.82 ^ cpu_inst/_10247_/Y (sky130_fd_sc_hd__o211ai_1)
   0.20   13.02 v cpu_inst/_10251_/Y (sky130_fd_sc_hd__a21oi_1)
   0.23   13.25 v cpu_inst/_10254_/X (sky130_fd_sc_hd__o22a_1)
   0.34   13.59 ^ cpu_inst/_10255_/Y (sky130_fd_sc_hd__o21ai_0)
   0.23   13.81 ^ cpu_inst/_10257_/X (sky130_fd_sc_hd__a21o_1)
   0.10   13.91 v cpu_inst/_10259_/Y (sky130_fd_sc_hd__a21oi_1)
   0.27   14.18 ^ cpu_inst/_10263_/Y (sky130_fd_sc_hd__o21ai_0)
   0.16   14.34 v cpu_inst/_10266_/Y (sky130_fd_sc_hd__a21oi_1)
   0.36   14.70 v cpu_inst/_14242_/X (sky130_fd_sc_hd__or3_1)
   0.15   14.85 ^ cpu_inst/_14243_/Y (sky130_fd_sc_hd__a21oi_1)
   0.12   14.96 v cpu_inst/_14244_/Y (sky130_fd_sc_hd__o21ai_0)
   0.22   15.18 ^ cpu_inst/_14248_/Y (sky130_fd_sc_hd__a21boi_0)
   0.14   15.32 ^ cpu_inst/_14250_/X (sky130_fd_sc_hd__o21a_1)
   0.00   15.32 ^ cpu_inst/_16228_/D (sky130_fd_sc_hd__dfxtp_1)
          15.32   data arrival time

  20.00   20.00   clock clk (rise edge)
   1.16   21.16   clock network delay (propagated)
  -0.25   20.91   clock uncertainty
   0.00   20.91   clock reconvergence pessimism
          20.91 ^ cpu_inst/_16228_/CLK (sky130_fd_sc_hd__dfxtp_1)
  -0.05   20.86   library setup time
          20.86   data required time
---------------------------------------------------------
          20.86   data required time
         -15.32   data arrival time
---------------------------------------------------------
           5.54   slack (MET)


Startpoint: cpu_inst/_14981_ (rising edge-triggered flip-flop clocked by clk)
Endpoint: cpu_inst/_16346_ (rising edge-triggered flip-flop clocked by clk)
Path Group: clk
Path Type: max

  Delay    Time   Description
---------------------------------------------------------
   0.00    0.00   clock clk (rise edge)
   1.14    1.14   clock network delay (propagated)
   0.00    1.14 ^ cpu_inst/_14981_/CLK (sky130_fd_sc_hd__dfxtp_1)
   0.82    1.96 ^ cpu_inst/_14981_/Q (sky130_fd_sc_hd__dfxtp_1)
   0.23    2.19 ^ cpu_inst/_13247_/Y (sky130_fd_sc_hd__xnor2_1)
   0.19    2.37 v cpu_inst/_13248_/Y (sky130_fd_sc_hd__o21ai_0)
   0.44    2.81 v cpu_inst/_13250_/X (sky130_fd_sc_hd__maj3_1)
   0.42    3.23 v cpu_inst/_13251_/X (sky130_fd_sc_hd__maj3_1)
   0.41    3.65 v cpu_inst/_13253_/X (sky130_fd_sc_hd__maj3_1)
   0.41    4.05 v cpu_inst/_13254_/X (sky130_fd_sc_hd__maj3_1)
   0.41    4.46 v cpu_inst/_13255_/X (sky130_fd_sc_hd__maj3_1)
   0.41    4.87 v cpu_inst/_13256_/X (sky130_fd_sc_hd__maj3_1)
   0.41    5.28 v cpu_inst/_13258_/X (sky130_fd_sc_hd__maj3_1)
   0.41    5.69 v cpu_inst/_13259_/X (sky130_fd_sc_hd__maj3_1)
   0.41    6.09 v cpu_inst/_13260_/X (sky130_fd_sc_hd__maj3_1)
   0.41    6.50 v cpu_inst/_13261_/X (sky130_fd_sc_hd__maj3_1)
   0.42    6.92 v cpu_inst/_13262_/X (sky130_fd_sc_hd__maj3_1)
   0.43    7.35 v cpu_inst/_13263_/X (sky130_fd_sc_hd__maj3_1)
   0.42    7.77 v cpu_inst/_13264_/X (sky130_fd_sc_hd__maj3_1)
   0.42    8.18 v cpu_inst/_13265_/X (sky130_fd_sc_hd__maj3_1)
   0.43    8.61 v cpu_inst/_13267_/X (sky130_fd_sc_hd__maj3_1)
   0.42    9.03 v cpu_inst/_13268_/X (sky130_fd_sc_hd__maj3_1)
   0.41    9.45 v cpu_inst/_13269_/X (sky130_fd_sc_hd__maj3_1)
   0.41    9.86 v cpu_inst/_13270_/X (sky130_fd_sc_hd__maj3_1)
   0.41   10.27 v cpu_inst/_13271_/X (sky130_fd_sc_hd__maj3_1)
   0.48   10.75 v cpu_inst/_13272_/X (sky130_fd_sc_hd__maj3_1)
   0.44   11.18 v cpu_inst/_13273_/X (sky130_fd_sc_hd__maj3_1)
   0.41   11.60 v cpu_inst/_13274_/X (sky130_fd_sc_hd__maj3_1)
   0.42   12.01 v cpu_inst/_13276_/X (sky130_fd_sc_hd__maj3_1)
   0.42   12.43 v cpu_inst/_13277_/X (sky130_fd_sc_hd__maj3_1)
   0.41   12.85 v cpu_inst/_13278_/X (sky130_fd_sc_hd__maj3_1)
   0.42   13.26 v cpu_inst/_13279_/X (sky130_fd_sc_hd__maj3_1)
   0.41   13.68 v cpu_inst/_13281_/X (sky130_fd_sc_hd__maj3_1)
   0.42   14.10 v cpu_inst/_14284_/X (sky130_fd_sc_hd__maj3_1)
   0.39   14.49 v cpu_inst/_14286_/X (sky130_fd_sc_hd__maj3_1)
   0.14   14.63 v cpu_inst/_14288_/Y (sky130_fd_sc_hd__xnor2_1)
   0.39   15.01 ^ cpu_inst/_14293_/Y (sky130_fd_sc_hd__a222oi_1)
   0.10   15.11 v cpu_inst/_14294_/Y (sky130_fd_sc_hd__o31ai_1)
   0.00   15.11 v cpu_inst/_16346_/D (sky130_fd_sc_hd__dfxtp_1)
          15.11   data arrival time

  20.00   20.00   clock clk (rise edge)
   1.15   21.15   clock network delay (propagated)
  -0.25   20.90   clock uncertainty
   0.00   20.90   clock reconvergence pessimism
          20.90 ^ cpu_inst/_16346_/CLK (sky130_fd_sc_hd__dfxtp_1)
  -0.13   20.77   library setup time
          20.77   data required time
---------------------------------------------------------
          20.77   data required time
         -15.11   data arrival time
---------------------------------------------------------
           5.66   slack (MET)


Startpoint: reset_n (input port clocked by clk)
Endpoint: cpu_inst/_16227_ (rising edge-triggered flip-flop clocked by clk)
Path Group: clk
Path Type: max

  Delay    Time   Description
---------------------------------------------------------
   0.00    0.00   clock clk (rise edge)
   0.00    0.00   clock network delay (propagated)
   4.00    4.00 v input external delay
   0.51    4.51 v reset_n (in)
   1.00    5.50 ^ cpu_inst/_10060_/Y (sky130_fd_sc_hd__nand2_4)
   0.41    5.91 v cpu_inst/_10155_/Y (sky130_fd_sc_hd__nor2_1)
   0.48    6.39 v cpu_inst/_10210_/X (sky130_fd_sc_hd__maj3_1)
   0.42    6.81 v cpu_inst/_10211_/X (sky130_fd_sc_hd__maj3_1)
   0.43    7.25 v cpu_inst/_10213_/X (sky130_fd_sc_hd__maj3_1)
   0.41    7.65 v cpu_inst/_10214_/X (sky130_fd_sc_hd__maj3_1)
   0.40    8.06 v cpu_inst/_10216_/X (sky130_fd_sc_hd__maj3_1)
   0.41    8.46 v cpu_inst/_10217_/X (sky130_fd_sc_hd__maj3_1)
   0.43    8.90 v cpu_inst/_10219_/X (sky130_fd_sc_hd__maj3_1)
   0.42    9.32 v cpu_inst/_10220_/X (sky130_fd_sc_hd__maj3_1)
   0.42    9.74 v cpu_inst/_10222_/X (sky130_fd_sc_hd__maj3_1)
   0.41   10.15 v cpu_inst/_10223_/X (sky130_fd_sc_hd__maj3_1)
   0.42   10.57 v cpu_inst/_10224_/X (sky130_fd_sc_hd__maj3_1)
   0.45   11.01 v cpu_inst/_10225_/X (sky130_fd_sc_hd__maj3_1)
   0.15   11.17 ^ cpu_inst/_10228_/Y (sky130_fd_sc_hd__nand3_1)
   0.15   11.32 v cpu_inst/_10231_/Y (sky130_fd_sc_hd__a31oi_1)
   0.42   11.74 ^ cpu_inst/_10234_/Y (sky130_fd_sc_hd__o21ai_0)
   0.28   12.02 v cpu_inst/_10236_/Y (sky130_fd_sc_hd__a21boi_0)
   0.33   12.34 ^ cpu_inst/_10238_/Y (sky130_fd_sc_hd__o21ai_0)
   0.18   12.52 v cpu_inst/_10242_/Y (sky130_fd_sc_hd__a211oi_1)
   0.29   12.82 ^ cpu_inst/_10247_/Y (sky130_fd_sc_hd__o211ai_1)
   0.20   13.02 v cpu_inst/_10251_/Y (sky130_fd_sc_hd__a21oi_1)
   0.23   13.25 v cpu_inst/_10254_/X (sky130_fd_sc_hd__o22a_1)
   0.34   13.59 ^ cpu_inst/_10255_/Y (sky130_fd_sc_hd__o21ai_0)
   0.23   13.81 ^ cpu_inst/_10257_/X (sky130_fd_sc_hd__a21o_1)
   0.10   13.91 v cpu_inst/_10259_/Y (sky130_fd_sc_hd__a21oi_1)
   0.27   14.18 ^ cpu_inst/_10263_/Y (sky130_fd_sc_hd__o21ai_0)
   0.12   14.30 v cpu_inst/_10267_/Y (sky130_fd_sc_hd__nand3_1)
   0.08   14.38 ^ cpu_inst/_10268_/Y (sky130_fd_sc_hd__nand2_1)
   0.07   14.44 v cpu_inst/_10269_/Y (sky130_fd_sc_hd__o22ai_1)
   0.36   14.80 v cpu_inst/_10285_/X (sky130_fd_sc_hd__a221o_1)
   0.21   15.02 ^ cpu_inst/_10286_/Y (sky130_fd_sc_hd__a222oi_1)
   0.06   15.08 v cpu_inst/_10287_/Y (sky130_fd_sc_hd__nor2_1)
   0.00   15.08 v cpu_inst/_16227_/D (sky130_fd_sc_hd__dfxtp_1)
          15.08   data arrival time

  20.00   20.00   clock clk (rise edge)
   1.16   21.16   clock network delay (propagated)
  -0.25   20.91   clock uncertainty
   0.00   20.91   clock reconvergence pessimism
          20.91 ^ cpu_inst/_16227_/CLK (sky130_fd_sc_hd__dfxtp_1)
  -0.11   20.80   library setup time
          20.80   data required time
---------------------------------------------------------
          20.80   data required time
         -15.08   data arrival time
---------------------------------------------------------
           5.72   slack (MET)


Startpoint: dmem_inst/sram_macro
            (falling edge-triggered flip-flop clocked by clk)
Endpoint: cpu_inst/_16496_ (rising edge-triggered flip-flop clocked by clk)
Path Group: clk
Path Type: max

  Delay    Time   Description
---------------------------------------------------------
  10.00   10.00   clock clk (fall edge)
   1.26   11.26   clock network delay (propagated)
   0.00   11.26 v dmem_inst/sram_macro/clk0 (sky130_sram_1kbyte_1rw1r_32x256_8)
   0.36   11.62 ^ dmem_inst/sram_macro/dout0[23] (sky130_sram_1kbyte_1rw1r_32x256_8)
   0.16   11.78 ^ wire169/X (sky130_fd_sc_hd__buf_2)
   0.07   11.85 v bus_inst/_158_/X (sky130_fd_sc_hd__lpflow_isobufsrc_1)
   0.87   12.72 ^ bus_inst/_160_/Y (sky130_fd_sc_hd__o31ai_1)
   0.22   12.94 v cpu_inst/_08544_/Y (sky130_fd_sc_hd__a22oi_1)
   0.15   13.09 ^ cpu_inst/_08545_/Y (sky130_fd_sc_hd__nand2_1)
   0.38   13.47 ^ cpu_inst/_08546_/X (sky130_fd_sc_hd__and2_0)
   0.22   13.69 v cpu_inst/_08548_/Y (sky130_fd_sc_hd__a21oi_2)
   0.92   14.61 ^ cpu_inst/_08802_/Y (sky130_fd_sc_hd__a21oi_1)
   0.24   14.85 ^ cpu_inst/_08803_/X (sky130_fd_sc_hd__a221o_1)
   0.07   14.91 v cpu_inst/_08804_/Y (sky130_fd_sc_hd__a221oi_1)
   0.15   15.07 ^ cpu_inst/_08805_/Y (sky130_fd_sc_hd__nor2_1)
   0.00   15.07 ^ cpu_inst/_16496_/D (sky130_fd_sc_hd__dfxtp_1)
          15.07   data arrival time

  20.00   20.00   clock clk (rise edge)
   1.17   21.17   clock network delay (propagated)
  -0.25   20.92   clock uncertainty
   0.00   20.92   clock reconvergence pessimism
          20.92 ^ cpu_inst/_16496_/CLK (sky130_fd_sc_hd__dfxtp_1)
  -0.07   20.85   library setup time
          20.85   data required time
---------------------------------------------------------
          20.85   data required time
         -15.07   data arrival time
---------------------------------------------------------
           5.79   slack (MET)


Startpoint: dmem_inst/sram_macro
            (falling edge-triggered flip-flop clocked by clk)
Endpoint: cpu_inst/_16492_ (rising edge-triggered flip-flop clocked by clk)
Path Group: clk
Path Type: max

  Delay    Time   Description
---------------------------------------------------------
  10.00   10.00   clock clk (fall edge)
   1.26   11.26   clock network delay (propagated)
   0.00   11.26 v dmem_inst/sram_macro/clk0 (sky130_sram_1kbyte_1rw1r_32x256_8)
   0.46   11.72 v dmem_inst/sram_macro/dout0[15] (sky130_sram_1kbyte_1rw1r_32x256_8)
   0.19   11.91 ^ bus_inst/_190_/X (sky130_fd_sc_hd__lpflow_isobufsrc_1)
   0.24   12.15 v bus_inst/_192_/Y (sky130_fd_sc_hd__o31ai_1)
   0.27   12.42 v cpu_inst/_08543_/X (sky130_fd_sc_hd__a22o_1)
   0.14   12.56 ^ cpu_inst/_08544_/Y (sky130_fd_sc_hd__a22oi_1)
   0.10   12.66 v cpu_inst/_08545_/Y (sky130_fd_sc_hd__nand2_1)
   0.30   12.96 v cpu_inst/_08546_/X (sky130_fd_sc_hd__and2_0)
   0.56   13.52 ^ cpu_inst/_08548_/Y (sky130_fd_sc_hd__a21oi_2)
   0.25   13.76 ^ load_slew13/X (sky130_fd_sc_hd__probe_p_8)
   0.21   13.98 v cpu_inst/_08902_/Y (sky130_fd_sc_hd__a21oi_1)
   0.83   14.81 ^ cpu_inst/_08903_/Y (sky130_fd_sc_hd__a221oi_1)
   0.16   14.97 v cpu_inst/_08904_/Y (sky130_fd_sc_hd__nand3_1)
   0.00   14.97 v cpu_inst/_16492_/D (sky130_fd_sc_hd__dfxtp_1)
          14.97   data arrival time

  20.00   20.00   clock clk (rise edge)
   1.16   21.16   clock network delay (propagated)
  -0.25   20.91   clock uncertainty
   0.00   20.91   clock reconvergence pessimism
          20.91 ^ cpu_inst/_16492_/CLK (sky130_fd_sc_hd__dfxtp_1)
  -0.14   20.77   library setup time
          20.77   data required time
---------------------------------------------------------
          20.77   data required time
         -14.97   data arrival time
---------------------------------------------------------
           5.80   slack (MET)


