Running Global Placement for mini_soc_top...
OpenROAD v2.0-27886-g745f72f2bf 
Features included (+) or not (-): +GPU +GUI +Python
This program is licensed under the BSD-3 license. See the LICENSE file for details.
Components of this program may be licensed under more restrictive licenses which must be honored.
[INFO ODB-0227] LEF file: /home/manal/OpenROAD/test/sky130hd/sky130hd.tlef, created 13 layers, 25 vias
[WARNING ODB-0220] WARNING (LEFPARS-2008): NOWIREEXTENSIONATPIN statement is obsolete in version 5.6 or later.
The NOWIREEXTENSIONATPIN statement will be ignored. See file /home/manal/OpenROAD/test/sky130hd/sky130_fd_sc_hd.lef at line 2.

[INFO ODB-0227] LEF file: /home/manal/OpenROAD/test/sky130hd/sky130_fd_sc_hd.lef, created 437 library cells
[INFO ODB-0227] LEF file: ../macros/sky130_sram_1kbyte_1rw1r_32x256_8.lef, created 1 library cells
[INFO ODB-0127] Reading DEF file: output/pdn.def
[INFO ODB-0128] Design: mini_soc_top
[INFO ODB-0130]     Created 5 pins.
[INFO ODB-0131]     Created 10274 components and 79719 component-terminals.
[INFO ODB-0132]     Created 2 special nets and 20548 connections.
[INFO ODB-0133]     Created 10563 nets and 38223 connections.
[INFO ODB-0134] Finished DEF file: output/pdn.def
[INFO GPL-0005] Execute conjugate gradient initial placement.
[INFO GPL-0002] DBU: 1000
[INFO GPL-0003] SiteSize: (  0.460  2.720 ) um
[INFO GPL-0004] CoreBBox: ( 30.360 32.640 ) ( 1469.700 1468.800 ) um
[INFO GPL-0032] Initializing region: Top-level
[INFO GPL-0006] Number of instances:             10274
[INFO GPL-0007] Movable instances:               10272
[INFO GPL-0008] Fixed instances:                     2
[INFO GPL-0009] Dummy instances:                     0
[INFO GPL-0010] Number of nets:                  10563
[INFO GPL-0011] Number of pins:                  38228
[INFO GPL-0012] Die BBox:  (  0.000  0.000 ) ( 1500.000 1500.000 ) um
[INFO GPL-0013] Core BBox: ( 30.360 32.640 ) ( 1469.700 1468.800 ) um
[INFO GPL-0016] Core area:                  2067122.534 um^2
[INFO GPL-0014] Region name: top-level.
[INFO GPL-0015] Region area:                2067122.534 um^2
[INFO GPL-0017] Fixed instances area:       384038.323 um^2
[INFO GPL-0018] Movable instances area:     165569.283 um^2
[INFO GPL-0019] Utilization:                     9.837 %
[INFO GPL-0020] Standard cells area:        165569.283 um^2
[INFO GPL-0021] Large instances area:            0.000 um^2
[InitialPlace]  Iter: 1 conjugate gradient residual: 0.01333712 HPWL: 483123652
[InitialPlace]  Iter: 2 conjugate gradient residual: 0.00091510 HPWL: 300360393
[InitialPlace]  Iter: 3 conjugate gradient residual: 0.00001998 HPWL: 275488989
[InitialPlace]  Iter: 4 conjugate gradient residual: 0.00001443 HPWL: 272998309
[InitialPlace]  Iter: 5 conjugate gradient residual: 0.00001147 HPWL: 271222442
[InitialPlace]  Iter: 6 conjugate gradient residual: 0.00034223 HPWL: 270188009
[InitialPlace]  Iter: 7 conjugate gradient residual: 0.00000555 HPWL: 269472330
[INFO GPL-0033] Initializing Nesterov region: Top-level
[INFO GPL-0023] Placement target density:       0.1000
[INFO GPL-0024] Movable insts average area:     16.119 um^2
[INFO GPL-0025] Ideal bin area:                161.185 um^2
[INFO GPL-0026] Ideal bin count:                 12824
[INFO GPL-0027] Total bin area:             2067122.534 um^2
[INFO GPL-0028] Bin count (X, Y):          64 ,     64
[INFO GPL-0029] Bin size (W * H):      22.490 * 22.440 um
[INFO GPL-0030] Number of bins:                   4096
[INFO GPL-0007] Execute nesterov global placement.
[INFO GPL-0031] HPWL: Half-Perimeter Wirelength
Iteration | Overflow |     HPWL (um) |  HPWL(%) |   Penalty | Group
---------------------------------------------------------------
        0 |   0.9923 |  5.713549e+04 |   +0.00% |  2.99e-16 |      
       10 |   0.9776 |  8.909979e+04 |  +55.94% |  4.85e-16 |      
       20 |   0.9758 |  9.578986e+04 |   +7.51% |  7.89e-16 |      
       30 |   0.9751 |  9.748993e+04 |   +1.77% |  1.29e-15 |      
       40 |   0.9742 |  9.914288e+04 |   +1.70% |  2.09e-15 |      
       50 |   0.9740 |  1.004561e+05 |   +1.32% |  3.41e-15 |      
       60 |   0.9740 |  1.010853e+05 |   +0.63% |  5.55e-15 |      
       70 |   0.9742 |  1.009952e+05 |   -0.09% |  9.04e-15 |      
       80 |   0.9738 |  1.005262e+05 |   -0.46% |  1.47e-14 |      
       90 |   0.9744 |  9.973272e+04 |   -0.79% |  2.40e-14 |      
      100 |   0.9741 |  9.857093e+04 |   -1.16% |  3.91e-14 |      
      110 |   0.9737 |  9.733740e+04 |   -1.25% |  6.37e-14 |      
      120 |   0.9731 |  9.650525e+04 |   -0.85% |  1.04e-13 |      
      130 |   0.9721 |  9.668784e+04 |   +0.19% |  1.69e-13 |      
      140 |   0.9723 |  9.896272e+04 |   +2.35% |  2.75e-13 |      
      150 |   0.9715 |  1.045252e+05 |   +5.62% |  4.48e-13 |      
      160 |   0.9705 |  1.141338e+05 |   +9.19% |  7.29e-13 |      
      170 |   0.9684 |  1.296256e+05 |  +13.57% |  1.19e-12 |      
      180 |   0.9648 |  1.527561e+05 |  +17.84% |  1.93e-12 |      
      190 |   0.9548 |  1.810998e+05 |  +18.55% |  3.13e-12 |      
      200 |   0.9402 |  2.097994e+05 |  +15.85% |  5.08e-12 |      
      210 |   0.9232 |  2.451321e+05 |  +16.84% |  8.24e-12 |      
      220 |   0.8997 |  2.816244e+05 |  +14.89% |  1.34e-11 |      
      230 |   0.8699 |  3.269510e+05 |  +16.09% |  2.17e-11 |      
      240 |   0.8353 |  3.770130e+05 |  +15.31% |  3.51e-11 |      
      250 |   0.8033 |  4.270491e+05 |  +13.27% |  5.69e-11 |      
      260 |   0.7658 |  4.698316e+05 |  +10.02% |  9.22e-11 |      
      270 |   0.7288 |  4.993112e+05 |   +6.27% |  1.50e-10 |      
      280 |   0.6863 |  5.238672e+05 |   +4.92% |  2.43e-10 |      
      290 |   0.6563 |  5.449211e+05 |   +4.02% |  3.95e-10 |      
      300 |   0.6161 |  5.702185e+05 |   +4.64% |  6.42e-10 |      
      310 |   0.5745 |  6.093522e+05 |   +6.86% |  1.04e-09 |      
      320 |   0.5213 |  6.230101e+05 |   +2.24% |  1.69e-09 |      
      330 |   0.4721 |  6.456758e+05 |   +3.64% |  2.75e-09 |      
      340 |   0.4209 |  6.592975e+05 |   +2.11% |  4.47e-09 |      
      350 |   0.3754 |  6.657416e+05 |   +0.98% |  7.28e-09 |      
      360 |   0.3356 |  6.616154e+05 |   -0.62% |  1.16e-08 |      
      370 |   0.3084 |  6.632064e+05 |   +0.24% |  1.71e-08 |      
      380 |   0.2744 |  6.596706e+05 |   -0.53% |  2.52e-08 |      
      390 |   0.2491 |  6.599979e+05 |   +0.05% |  3.71e-08 |      
      400 |   0.2235 |  6.578001e+05 |   -0.33% |  5.47e-08 |      
      410 |   0.1981 |  6.595454e+05 |   +0.27% |  8.05e-08 |      
      420 |   0.1752 |  6.592463e+05 |   -0.05% |  1.19e-07 |      
      430 |   0.1493 |  6.602545e+05 |   +0.15% |  1.75e-07 |      
      440 |   0.1269 |  6.617355e+05 |   +0.22% |  2.57e-07 |      
      450 |   0.1068 |  6.630109e+05 |   +0.19% |  3.79e-07 |      
      456 |   0.0988 |  6.640656e+05 |          |  4.97e-07 |      
---------------------------------------------------------------
[INFO GPL-1001] Global placement finished at iteration 456
[INFO GPL-1002] Placed Cell Area            165569.2826
[INFO GPL-1003] Available Free Area         1683084.2112
[INFO GPL-1004] Minimum Feasible Density        0.1000 (cell_area / free_area)
[INFO GPL-1006]   Suggested Target Densities:
[INFO GPL-1007]     - For 90% usage of free space: 0.1093
[INFO GPL-1008]     - For 80% usage of free space: 0.1230
[INFO GPL-1009]     - For 50% usage of free space: 0.1967
[INFO GPL-1014] Final placement area: 165569.28 (+0.00%)
[INFO IFP-0030] Inserted 0 tiecells using sky130_fd_sc_hd__conb_1/HI.
[INFO IFP-0030] Inserted 0 tiecells using sky130_fd_sc_hd__conb_1/LO.
[INFO DPL-0020] Mirrored 3407 instances
[INFO DPL-0021] HPWL before          664026.5 u
[INFO DPL-0022] HPWL after           658893.8 u
[INFO DPL-0023] HPWL delta               -0.8 %
Placement Analysis
---------------------------------
total displacement      15539.4 u
average displacement        1.5 u
max displacement           15.9 u
original HPWL          658893.8 u
legalized HPWL         675570.7 u
delta HPWL                    3 %

[INFO DPL-0001] Placed 168513 filler instances.
[WARNING DPL-0011] Padding check failed (2).
 dmem_inst/sram_macro
 imem_inst/sram_macro
[ERROR DPL-0033] detailed placement checks failed.
DPL-0033
