Running Global and Detailed Routing...
OpenROAD v2.0-27886-g745f72f2bf 
Features included (+) or not (-): +GPU +GUI +Python
This program is licensed under the BSD-3 license. See the LICENSE file for details.
Components of this program may be licensed under more restrictive licenses which must be honored.
[INFO ODB-0227] LEF file: /home/manal/OpenROAD/test/sky130hd/sky130hd.tlef, created 13 layers, 25 vias
[WARNING ODB-0220] WARNING (LEFPARS-2008): NOWIREEXTENSIONATPIN statement is obsolete in version 5.6 or later.
The NOWIREEXTENSIONATPIN statement will be ignored. See file /home/manal/OpenROAD/test/sky130hd/sky130_fd_sc_hd.lef at line 2.

[INFO ODB-0227] LEF file: /home/manal/OpenROAD/test/sky130hd/sky130_fd_sc_hd.lef, created 437 library cells
[INFO ODB-0227] LEF file: ../macros/sky130_sram_1kbyte_1rw1r_32x256_8.lef, created 1 library cells
[INFO ODB-0127] Reading DEF file: output/cts.def
[INFO ODB-0128] Design: mini_soc_top
[INFO ODB-0094] 		Created 100000 Insts
[INFO ODB-0130]     Created 5 pins.
[INFO ODB-0131]     Created 179046 components and 756406 component-terminals.
[INFO ODB-0132]     Created 2 special nets and 358092 connections.
[INFO ODB-0133]     Created 11123 nets and 39589 connections.
[INFO ODB-0134] Finished DEF file: output/cts.def
[WARNING GRT-0273] Disabled NDR (to reduce congestion) for net: clknet_0_clk_regs
[WARNING GRT-0273] Disabled NDR (to reduce congestion) for net: clknet_1_0_0_clk_regs
[WARNING GRT-0273] Disabled NDR (to reduce congestion) for net: clk
[WARNING GRT-0273] Disabled NDR (to reduce congestion) for net: clknet_0_clk
[WARNING GRT-0273] Disabled NDR (to reduce congestion) for net: delaynet_4_clk
[WARNING GRT-0273] Disabled NDR (to reduce congestion) for net: delaynet_6_clk
[WARNING GRT-0273] Disabled NDR (to reduce congestion) for net: delaynet_5_clk
[WARNING GRT-0273] Disabled NDR (to reduce congestion) for net: clknet_1_1_0_clk_regs
[WARNING GRT-0273] Disabled NDR (to reduce congestion) for net: delaynet_1_clk
[WARNING GRT-0273] Disabled NDR (to reduce congestion) for net: delaynet_0_clk
[WARNING GRT-0273] Disabled NDR (to reduce congestion) for net: delaynet_2_clk
[WARNING GRT-0273] Disabled NDR (to reduce congestion) for net: delaynet_3_clk
[WARNING GRT-0273] Disabled NDR (to reduce congestion) for net: clk_regs
[INFO DRT-0149] Reading tech and libs.
[WARNING DRT-0349] LEF58_ENCLOSURE with no CUTCLASS is not supported. Skipping for layer mcon
[WARNING DRT-0349] LEF58_ENCLOSURE with no CUTCLASS is not supported. Skipping for layer mcon
[WARNING DRT-0349] LEF58_ENCLOSURE with no CUTCLASS is not supported. Skipping for layer via
[WARNING DRT-0349] LEF58_ENCLOSURE with no CUTCLASS is not supported. Skipping for layer via
[WARNING DRT-0349] LEF58_ENCLOSURE with no CUTCLASS is not supported. Skipping for layer via2
[WARNING DRT-0349] LEF58_ENCLOSURE with no CUTCLASS is not supported. Skipping for layer via2
[WARNING DRT-0349] LEF58_ENCLOSURE with no CUTCLASS is not supported. Skipping for layer via3
[WARNING DRT-0349] LEF58_ENCLOSURE with no CUTCLASS is not supported. Skipping for layer via3
[WARNING DRT-0349] LEF58_ENCLOSURE with no CUTCLASS is not supported. Skipping for layer via4
[WARNING DRT-0349] LEF58_ENCLOSURE with no CUTCLASS is not supported. Skipping for layer via4

Units:                1000
Number of layers:     13
Number of macros:     438
Number of vias:       30
Number of viarulegen: 25

[INFO DRT-0150] Reading design.
[WARNING DRT-0120] Large net reset_n has 180 pins which may impact routing performance. Consider optimization.

Design:                   mini_soc_top
Die area:                 ( 0 0 ) ( 1500000 1500000 )
Number of track patterns: 24
Number of DEF vias:       0
Number of components:     179046
Number of terminals:      5
Number of snets:          2
Number of nets:           11123

[INFO DRT-0167] List of default vias:
  Layer via
    default via: M1M2_PR
  Layer via2
    default via: M2M3_PR
  Layer via3
    default via: M3M4_PR
  Layer via4
    default via: M4M5_PR
[INFO DRT-0162] Library cell analysis.
[INFO DRT-0163] Instance analysis.
  Complete 100000 instances.
[INFO DRT-0164] Number of unique instances = 1782.
[INFO DRT-0168] Init region query.
[INFO DRT-0018]   Complete 100000 insts.
[INFO DRT-0024]   Complete FR_MASTERSLICE.
[INFO DRT-0024]   Complete Fr_VIA.
[INFO DRT-0024]   Complete li1.
[INFO DRT-0024]   Complete mcon.
[INFO DRT-0024]   Complete met1.
[INFO DRT-0024]   Complete via.
[INFO DRT-0024]   Complete met2.
[INFO DRT-0024]   Complete via2.
[INFO DRT-0024]   Complete met3.
[INFO DRT-0024]   Complete via3.
[INFO DRT-0024]   Complete met4.
[INFO DRT-0024]   Complete via4.
[INFO DRT-0024]   Complete met5.
[INFO DRT-0033] FR_MASTERSLICE shape region query size = 0.
[INFO DRT-0033] FR_VIA shape region query size = 0.
[INFO DRT-0033] li1 shape region query size = 676532.
[INFO DRT-0033] mcon shape region query size = 2717356.
[INFO DRT-0033] met1 shape region query size = 400159.
[INFO DRT-0033] via shape region query size = 73687.
[INFO DRT-0033] met2 shape region query size = 44213.
[INFO DRT-0033] via2 shape region query size = 58956.
[INFO DRT-0033] met3 shape region query size = 44314.
[INFO DRT-0033] via3 shape region query size = 58960.
[INFO DRT-0033] met4 shape region query size = 16686.
[INFO DRT-0033] via4 shape region query size = 1377.
[INFO DRT-0033] met5 shape region query size = 1461.
[INFO DRT-0165] Start pin access.
[INFO DRT-0076]   Complete 1000 pins.
[INFO DRT-0076]   Complete 2000 pins.
[INFO DRT-0076]   Complete 3000 pins.
[INFO DRT-0076]   Complete 4000 pins.
[INFO DRT-0076]   Complete 5000 pins.
[INFO DRT-0076]   Complete 6000 pins.
[INFO DRT-0076]   Complete 7000 pins.
[INFO DRT-0076]   Complete 8000 pins.
[INFO DRT-0076]   Complete 9000 pins.
[INFO DRT-0076]   Complete 10000 pins.
[ERROR DRT-0073] No access point for load_slew100/A (sky130_fd_sc_hd__buf_6).
[ERROR DRT-0073] No access point for load_slew102/A (sky130_fd_sc_hd__buf_4).
[ERROR DRT-0073] No access point for load_slew104/A (sky130_fd_sc_hd__buf_12).
[ERROR DRT-0073] No access point for load_slew105/A (sky130_fd_sc_hd__buf_12).
[ERROR DRT-0073] No access point for load_slew106/A (sky130_fd_sc_hd__buf_12).
[ERROR DRT-0073] No access point for load_slew108/A (sky130_fd_sc_hd__clkbuf_4).
[ERROR DRT-0073] No access point for load_slew109/A (sky130_fd_sc_hd__buf_4).
[ERROR DRT-0073] No access point for load_slew111/A (sky130_fd_sc_hd__buf_4).
[ERROR DRT-0073] No access point for load_slew113/A (sky130_fd_sc_hd__buf_16).
[ERROR DRT-0073] No access point for load_slew117/A (sky130_fd_sc_hd__buf_16).
[ERROR DRT-0073] No access point for load_slew119/A (sky130_fd_sc_hd__probe_p_8).
[ERROR DRT-0073] No access point for load_slew120/A (sky130_fd_sc_hd__buf_16).
[ERROR DRT-0073] No access point for load_slew121/A (sky130_fd_sc_hd__buf_16).
[ERROR DRT-0073] No access point for load_slew122/A (sky130_fd_sc_hd__buf_12).
[ERROR DRT-0073] No access point for load_slew13/A (sky130_fd_sc_hd__probe_p_8).
[ERROR DRT-0073] No access point for load_slew141/A (sky130_fd_sc_hd__clkbuf_4).
[ERROR DRT-0073] No access point for load_slew148/A (sky130_fd_sc_hd__buf_16).
[ERROR DRT-0073] No access point for load_slew149/A (sky130_fd_sc_hd__buf_12).
[ERROR DRT-0073] No access point for load_slew151/A (sky130_fd_sc_hd__buf_16).
[ERROR DRT-0073] No access point for load_slew16/A (sky130_fd_sc_hd__buf_12).
[ERROR DRT-0073] No access point for load_slew162/A (sky130_fd_sc_hd__buf_6).
[ERROR DRT-0073] No access point for load_slew17/A (sky130_fd_sc_hd__buf_12).
[ERROR DRT-0073] No access point for load_slew172/A (sky130_fd_sc_hd__clkbuf_1).
[ERROR DRT-0073] No access point for load_slew174/A (sky130_fd_sc_hd__clkbuf_2).
[ERROR DRT-0073] No access point for load_slew175/A (sky130_fd_sc_hd__clkbuf_2).
[ERROR DRT-0073] No access point for load_slew177/A (sky130_fd_sc_hd__dlymetal6s2s_1).
[ERROR DRT-0073] No access point for load_slew178/A (sky130_fd_sc_hd__clkbuf_2).
[ERROR DRT-0073] No access point for load_slew18/A (sky130_fd_sc_hd__buf_12).
[ERROR DRT-0073] No access point for load_slew181/A (sky130_fd_sc_hd__probe_p_8).
[ERROR DRT-0073] No access point for load_slew19/A (sky130_fd_sc_hd__buf_12).
[ERROR DRT-0073] No access point for load_slew194/A (sky130_fd_sc_hd__buf_8).
[ERROR DRT-0073] No access point for load_slew197/A (sky130_fd_sc_hd__buf_12).
[ERROR DRT-0073] No access point for load_slew199/A (sky130_fd_sc_hd__buf_12).
[ERROR DRT-0073] No access point for load_slew20/A (sky130_fd_sc_hd__buf_16).
[ERROR DRT-0073] No access point for load_slew200/A (sky130_fd_sc_hd__buf_12).
[ERROR DRT-0073] No access point for load_slew201/A (sky130_fd_sc_hd__buf_12).
[ERROR DRT-0073] No access point for load_slew203/A (sky130_fd_sc_hd__buf_12).
[ERROR DRT-0073] No access point for load_slew204/A (sky130_fd_sc_hd__buf_16).
[ERROR DRT-0073] No access point for load_slew205/A (sky130_fd_sc_hd__buf_12).
[ERROR DRT-0073] No access point for load_slew209/A (sky130_fd_sc_hd__buf_16).
[ERROR DRT-0073] No access point for load_slew21/A (sky130_fd_sc_hd__buf_16).
[ERROR DRT-0073] No access point for load_slew210/A (sky130_fd_sc_hd__buf_12).
[ERROR DRT-0073] No access point for load_slew212/A (sky130_fd_sc_hd__buf_16).
[ERROR DRT-0073] No access point for load_slew213/A (sky130_fd_sc_hd__buf_16).
[ERROR DRT-0073] No access point for load_slew214/A (sky130_fd_sc_hd__buf_12).
[ERROR DRT-0073] No access point for load_slew215/A (sky130_fd_sc_hd__buf_16).
[ERROR DRT-0073] No access point for load_slew216/A (sky130_fd_sc_hd__buf_16).
[ERROR DRT-0073] No access point for load_slew220/A (sky130_fd_sc_hd__buf_16).
[ERROR DRT-0073] No access point for load_slew222/A (sky130_fd_sc_hd__buf_12).
[ERROR DRT-0073] No access point for load_slew223/A (sky130_fd_sc_hd__buf_16).
[ERROR DRT-0073] No access point for load_slew225/A (sky130_fd_sc_hd__buf_16).
[ERROR DRT-0073] No access point for load_slew23/A (sky130_fd_sc_hd__buf_16).
[ERROR DRT-0073] No access point for load_slew230/A (sky130_fd_sc_hd__buf_16).
[ERROR DRT-0073] No access point for load_slew232/A (sky130_fd_sc_hd__buf_16).
[ERROR DRT-0073] No access point for load_slew235/A (sky130_fd_sc_hd__buf_12).
[ERROR DRT-0073] No access point for load_slew236/A (sky130_fd_sc_hd__buf_16).
[ERROR DRT-0073] No access point for load_slew237/A (sky130_fd_sc_hd__buf_12).
[ERROR DRT-0073] No access point for load_slew239/X (sky130_fd_sc_hd__buf_12).
[ERROR DRT-0073] No access point for load_slew241/A (sky130_fd_sc_hd__buf_16).
[ERROR DRT-0073] No access point for load_slew242/A (sky130_fd_sc_hd__buf_16).
[ERROR DRT-0073] No access point for load_slew243/A (sky130_fd_sc_hd__buf_16).
[ERROR DRT-0073] No access point for load_slew245/A (sky130_fd_sc_hd__buf_16).
[ERROR DRT-0073] No access point for load_slew255/A (sky130_fd_sc_hd__buf_16).
[ERROR DRT-0073] No access point for load_slew256/A (sky130_fd_sc_hd__buf_16).
[ERROR DRT-0073] No access point for load_slew257/X (sky130_fd_sc_hd__buf_12).
[ERROR DRT-0073] No access point for load_slew258/A (sky130_fd_sc_hd__buf_16).
[ERROR DRT-0073] No access point for load_slew259/A (sky130_fd_sc_hd__buf_16).
[ERROR DRT-0073] No access point for load_slew26/A (sky130_fd_sc_hd__buf_16).
[ERROR DRT-0073] No access point for load_slew269/A (sky130_fd_sc_hd__buf_12).
[ERROR DRT-0073] No access point for load_slew27/A (sky130_fd_sc_hd__buf_16).
[ERROR DRT-0073] No access point for load_slew29/A (sky130_fd_sc_hd__buf_16).
[ERROR DRT-0073] No access point for load_slew30/A (sky130_fd_sc_hd__buf_12).
[ERROR DRT-0073] No access point for load_slew32/A (sky130_fd_sc_hd__buf_16).
[ERROR DRT-0073] No access point for load_slew33/A (sky130_fd_sc_hd__buf_16).
[ERROR DRT-0073] No access point for load_slew35/A (sky130_fd_sc_hd__buf_16).
[ERROR DRT-0073] No access point for load_slew38/A (sky130_fd_sc_hd__buf_16).
[ERROR DRT-0073] No access point for load_slew43/A (sky130_fd_sc_hd__buf_16).
[ERROR DRT-0073] No access point for load_slew45/A (sky130_fd_sc_hd__buf_16).
[ERROR DRT-0073] No access point for load_slew48/A (sky130_fd_sc_hd__buf_16).
[ERROR DRT-0073] No access point for load_slew49/A (sky130_fd_sc_hd__buf_16).
[ERROR DRT-0073] No access point for load_slew53/A (sky130_fd_sc_hd__buf_12).
[ERROR DRT-0073] No access point for load_slew57/A (sky130_fd_sc_hd__clkbuf_8).
[ERROR DRT-0073] No access point for load_slew58/A (sky130_fd_sc_hd__buf_6).
[ERROR DRT-0073] No access point for load_slew59/X (sky130_fd_sc_hd__buf_6).
[ERROR DRT-0073] No access point for load_slew60/A (sky130_fd_sc_hd__buf_6).
[ERROR DRT-0073] No access point for load_slew61/A (sky130_fd_sc_hd__buf_12).
[ERROR DRT-0073] No access point for load_slew7/A (sky130_fd_sc_hd__probe_p_8).
[ERROR DRT-0073] No access point for load_slew71/A (sky130_fd_sc_hd__buf_6).
[ERROR DRT-0073] No access point for load_slew73/A (sky130_fd_sc_hd__buf_6).
[ERROR DRT-0073] No access point for load_slew76/A (sky130_fd_sc_hd__buf_12).
[ERROR DRT-0073] No access point for load_slew77/A (sky130_fd_sc_hd__buf_12).
[ERROR DRT-0073] No access point for load_slew83/A (sky130_fd_sc_hd__probe_p_8).
[ERROR DRT-0073] No access point for load_slew86/A (sky130_fd_sc_hd__buf_4).
[ERROR DRT-0073] No access point for load_slew87/A (sky130_fd_sc_hd__buf_12).
[ERROR DRT-0073] No access point for load_slew90/A (sky130_fd_sc_hd__buf_12).
[ERROR DRT-0073] No access point for load_slew95/A (sky130_fd_sc_hd__buf_6).
[ERROR DRT-0073] No access point for load_slew98/A (sky130_fd_sc_hd__buf_6).
[ERROR DRT-0073] No access point for load_slew99/A (sky130_fd_sc_hd__buf_6).
[ERROR DRT-0073] No access point for max_cap107/A (sky130_fd_sc_hd__buf_6).
[ERROR DRT-0073] No access point for max_cap110/X (sky130_fd_sc_hd__buf_6).
[ERROR DRT-0073] No access point for max_cap112/A (sky130_fd_sc_hd__buf_6).
[ERROR DRT-0073] No access point for max_cap161/A (sky130_fd_sc_hd__buf_12).
[ERROR DRT-0073] No access point for max_cap247/A (sky130_fd_sc_hd__buf_16).
[ERROR DRT-0073] No access point for max_cap36/A (sky130_fd_sc_hd__buf_16).
[ERROR DRT-0073] No access point for max_cap93/A (sky130_fd_sc_hd__probe_p_8).
[ERROR DRT-0073] No access point for wire101/A (sky130_fd_sc_hd__buf_12).
[ERROR DRT-0073] No access point for wire103/X (sky130_fd_sc_hd__buf_12).
[ERROR DRT-0073] No access point for wire11/A (sky130_fd_sc_hd__probe_p_8).
[ERROR DRT-0073] No access point for wire114/A (sky130_fd_sc_hd__buf_16).
[ERROR DRT-0073] No access point for wire115/A (sky130_fd_sc_hd__buf_12).
[ERROR DRT-0073] No access point for wire116/A (sky130_fd_sc_hd__buf_12).
[ERROR DRT-0073] No access point for wire118/A (sky130_fd_sc_hd__buf_16).
[ERROR DRT-0073] No access point for wire12/A (sky130_fd_sc_hd__probe_p_8).
[ERROR DRT-0073] No access point for wire123/A (sky130_fd_sc_hd__buf_4).
[ERROR DRT-0073] No access point for wire124/A (sky130_fd_sc_hd__buf_4).
[ERROR DRT-0073] No access point for wire125/A (sky130_fd_sc_hd__buf_4).
[ERROR DRT-0073] No access point for wire126/A (sky130_fd_sc_hd__buf_4).
[ERROR DRT-0073] No access point for wire127/A (sky130_fd_sc_hd__buf_4).
[ERROR DRT-0073] No access point for wire128/A (sky130_fd_sc_hd__buf_2).
[ERROR DRT-0073] No access point for wire129/A (sky130_fd_sc_hd__buf_4).
[ERROR DRT-0073] No access point for wire130/A (sky130_fd_sc_hd__buf_4).
[ERROR DRT-0073] No access point for wire131/A (sky130_fd_sc_hd__buf_4).
[ERROR DRT-0073] No access point for wire132/A (sky130_fd_sc_hd__buf_4).
[ERROR DRT-0073] No access point for wire133/A (sky130_fd_sc_hd__buf_4).
[ERROR DRT-0073] No access point for wire134/A (sky130_fd_sc_hd__buf_6).
[ERROR DRT-0073] No access point for wire135/A (sky130_fd_sc_hd__clkbuf_8).
[ERROR DRT-0073] No access point for wire136/A (sky130_fd_sc_hd__buf_6).
[ERROR DRT-0073] No access point for wire138/A (sky130_fd_sc_hd__buf_6).
[ERROR DRT-0073] No access point for wire14/A (sky130_fd_sc_hd__buf_12).
[ERROR DRT-0073] No access point for wire143/A (sky130_fd_sc_hd__clkbuf_4).
[ERROR DRT-0073] No access point for wire144/A (sky130_fd_sc_hd__buf_4).
[ERROR DRT-0073] No access point for wire146/A (sky130_fd_sc_hd__buf_16).
[ERROR DRT-0073] No access point for wire147/A (sky130_fd_sc_hd__buf_16).
[ERROR DRT-0073] No access point for wire153/A (sky130_fd_sc_hd__buf_16).
[ERROR DRT-0073] No access point for wire157/A (sky130_fd_sc_hd__buf_16).
[ERROR DRT-0073] No access point for wire158/A (sky130_fd_sc_hd__buf_16).
[ERROR DRT-0073] No access point for wire159/A (sky130_fd_sc_hd__buf_16).
[ERROR DRT-0073] No access point for wire160/A (sky130_fd_sc_hd__buf_16).
[ERROR DRT-0073] No access point for wire163/A (sky130_fd_sc_hd__buf_16).
[ERROR DRT-0073] No access point for wire164/A (sky130_fd_sc_hd__buf_8).
[ERROR DRT-0073] No access point for wire165/A (sky130_fd_sc_hd__buf_2).
[ERROR DRT-0073] No access point for wire167/A (sky130_fd_sc_hd__buf_2).
[ERROR DRT-0073] No access point for wire168/A (sky130_fd_sc_hd__buf_2).
[ERROR DRT-0073] No access point for wire169/A (sky130_fd_sc_hd__buf_2).
[ERROR DRT-0073] No access point for wire171/A (sky130_fd_sc_hd__buf_2).
[ERROR DRT-0073] No access point for wire202/A (sky130_fd_sc_hd__buf_16).
[ERROR DRT-0073] No access point for wire207/A (sky130_fd_sc_hd__buf_12).
[ERROR DRT-0073] No access point for wire211/A (sky130_fd_sc_hd__buf_16).
[ERROR DRT-0073] No access point for wire217/A (sky130_fd_sc_hd__buf_16).
[ERROR DRT-0073] No access point for wire218/A (sky130_fd_sc_hd__buf_16).
[ERROR DRT-0073] No access point for wire219/A (sky130_fd_sc_hd__buf_16).
[ERROR DRT-0073] No access point for wire221/A (sky130_fd_sc_hd__buf_16).
[ERROR DRT-0073] No access point for wire224/A (sky130_fd_sc_hd__buf_16).
[ERROR DRT-0073] No access point for wire226/A (sky130_fd_sc_hd__buf_16).
[ERROR DRT-0073] No access point for wire228/A (sky130_fd_sc_hd__buf_16).
[ERROR DRT-0073] No access point for wire229/A (sky130_fd_sc_hd__buf_16).
[ERROR DRT-0073] No access point for wire234/A (sky130_fd_sc_hd__buf_16).
[ERROR DRT-0073] No access point for wire24/A (sky130_fd_sc_hd__buf_16).
[ERROR DRT-0073] No access point for wire240/A (sky130_fd_sc_hd__buf_16).
[ERROR DRT-0073] No access point for wire248/A (sky130_fd_sc_hd__buf_16).
[ERROR DRT-0073] No access point for wire25/A (sky130_fd_sc_hd__buf_16).
[ERROR DRT-0073] No access point for wire250/A (sky130_fd_sc_hd__buf_16).
[ERROR DRT-0073] No access point for wire251/A (sky130_fd_sc_hd__buf_16).
[ERROR DRT-0073] No access point for wire254/A (sky130_fd_sc_hd__buf_16).
[ERROR DRT-0073] No access point for wire31/A (sky130_fd_sc_hd__buf_16).
[ERROR DRT-0073] No access point for wire34/A (sky130_fd_sc_hd__buf_16).
[ERROR DRT-0073] No access point for wire37/A (sky130_fd_sc_hd__probec_p_8).
[ERROR DRT-0073] No access point for wire39/A (sky130_fd_sc_hd__buf_16).
[ERROR DRT-0073] No access point for wire40/A (sky130_fd_sc_hd__buf_16).
[ERROR DRT-0073] No access point for wire41/A (sky130_fd_sc_hd__buf_16).
[ERROR DRT-0073] No access point for wire42/A (sky130_fd_sc_hd__buf_16).
[ERROR DRT-0073] No access point for wire44/A (sky130_fd_sc_hd__buf_16).
[ERROR DRT-0073] No access point for wire46/A (sky130_fd_sc_hd__buf_16).
[ERROR DRT-0073] No access point for wire47/A (sky130_fd_sc_hd__buf_16).
[ERROR DRT-0073] No access point for wire51/A (sky130_fd_sc_hd__buf_16).
[ERROR DRT-0073] No access point for wire52/A (sky130_fd_sc_hd__buf_16).
[ERROR DRT-0073] No access point for wire55/A (sky130_fd_sc_hd__buf_16).
[ERROR DRT-0073] No access point for wire62/A (sky130_fd_sc_hd__buf_4).
[ERROR DRT-0073] No access point for wire63/A (sky130_fd_sc_hd__buf_4).
[ERROR DRT-0073] No access point for wire64/A (sky130_fd_sc_hd__buf_4).
[ERROR DRT-0073] No access point for wire65/A (sky130_fd_sc_hd__buf_4).
[ERROR DRT-0073] No access point for wire66/A (sky130_fd_sc_hd__buf_4).
[ERROR DRT-0073] No access point for wire67/A (sky130_fd_sc_hd__buf_4).
[ERROR DRT-0073] No access point for wire68/A (sky130_fd_sc_hd__buf_6).
[ERROR DRT-0073] No access point for wire69/A (sky130_fd_sc_hd__clkbuf_4).
[ERROR DRT-0073] No access point for wire70/A (sky130_fd_sc_hd__buf_6).
[ERROR DRT-0073] No access point for wire74/A (sky130_fd_sc_hd__buf_6).
[ERROR DRT-0073] No access point for wire75/A (sky130_fd_sc_hd__buf_16).
[ERROR DRT-0073] No access point for wire8/A (sky130_fd_sc_hd__probec_p_8).
[ERROR DRT-0073] No access point for wire82/A (sky130_fd_sc_hd__buf_12).
[ERROR DRT-0073] No access point for wire84/A (sky130_fd_sc_hd__buf_4).
[ERROR DRT-0073] No access point for wire85/A (sky130_fd_sc_hd__buf_6).
[ERROR DRT-0073] No access point for wire88/A (sky130_fd_sc_hd__buf_12).
[ERROR DRT-0073] No access point for wire91/A (sky130_fd_sc_hd__buf_6).
[ERROR DRT-0073] No access point for wire92/A (sky130_fd_sc_hd__buf_6).
[ERROR DRT-0073] No access point for wire94/A (sky130_fd_sc_hd__buf_6).
[ERROR DRT-0073] No access point for wire96/A (sky130_fd_sc_hd__clkbuf_2).
[ERROR DRT-0073] No access point for wire97/A (sky130_fd_sc_hd__buf_6).
DRT-0073
[INFO GRT-0012] Found 211 antenna violations.
[INFO GRT-0302] Inserted 225 jumpers for 170 nets.
[INFO GRT-0012] Found 54 antenna violations.
[WARNING GRT-0243] Unable to repair antennas on net with diodes.
[WARNING DPL-0037] Use remove_fillers before detailed placement.
[INFO DPL-0034] Detailed placement failed on the following 1225 instances:
[INFO DPL-0035]  FILLER_521_2965
[INFO DPL-0035]  FILLER_521_2965
[INFO DPL-0035]  FILLER_521_2965
[INFO DPL-0035]  FILLER_515_3001
[INFO DPL-0035]  FILLER_515_3001
[INFO DPL-0035]  FILLER_515_3001
[INFO DPL-0035]  FILLER_515_3001
[INFO DPL-0035]  FILLER_513_3013
[INFO DPL-0035]  FILLER_512_3020
[INFO DPL-0035]  FILLER_525_2944
[INFO DPL-0035]  FILLER_525_2944
[INFO DPL-0035]  FILLER_525_2944
[INFO DPL-0035]  FILLER_525_2944
[INFO DPL-0035]  FILLER_499_3099
[INFO DPL-0035]  FILLER_507_3052
[INFO DPL-0035]  FILLER_507_3052
[INFO DPL-0035]  FILLER_507_3052
[INFO DPL-0035]  FILLER_517_2993
[INFO DPL-0035]  FILLER_502_3082
[INFO DPL-0035]  FILLER_502_3082
[INFO DPL-0035]  FILLER_524_2952
[INFO DPL-0035]  FILLER_524_2952
[INFO DPL-0035]  FILLER_510_3035
[INFO DPL-0035]  FILLER_510_3035
[INFO DPL-0035]  FILLER_511_3030
[INFO DPL-0035]  FILLER_511_3030
[INFO DPL-0035]  FILLER_516_3001
[INFO DPL-0035]  FILLER_514_3013
[INFO DPL-0035]  FILLER_520_2978
[INFO DPL-0035]  FILLER_520_2978
[INFO DPL-0035]  FILLER_506_3061
[INFO DPL-0035]  FILLER_521_2973
[INFO DPL-0035]  FILLER_515_3009
[INFO DPL-0035]  FILLER_500_3098
[INFO DPL-0035]  FILLER_519_2986
[INFO DPL-0035]  FILLER_519_2986
[INFO DPL-0035]  FILLER_519_2986
[INFO DPL-0035]  FILLER_498_3111
[INFO DPL-0035]  FILLER_525_2952
[INFO DPL-0035]  FILLER_525_2952
[INFO DPL-0035]  FILLER_525_2952
[INFO DPL-0035]  FILLER_525_2952
[INFO DPL-0035]  FILLER_505_3071
[INFO DPL-0035]  FILLER_499_3107
[INFO DPL-0035]  FILLER_507_3060
[INFO DPL-0035]  FILLER_510_3043
[INFO DPL-0035]  FILLER_509_3049
[INFO DPL-0035]  FILLER_509_3049
[INFO DPL-0035]  FILLER_518_2996
[INFO DPL-0035]  FILLER_511_3038
[INFO DPL-0035]  FILLER_516_3009
[INFO DPL-0035]  FILLER_516_3009
[INFO DPL-0035]  FILLER_514_3021
[INFO DPL-0035]  FILLER_514_3021
[INFO DPL-0035]  FILLER_520_2986
[INFO DPL-0035]  FILLER_520_2986
[INFO DPL-0035]  FILLER_506_3069
[INFO DPL-0035]  FILLER_506_3069
[INFO DPL-0035]  FILLER_506_3069
[INFO DPL-0035]  FILLER_522_2975
[INFO DPL-0035]  FILLER_515_3017
[INFO DPL-0035]  FILLER_526_2952
[INFO DPL-0035]  FILLER_526_2952
[INFO DPL-0035]  FILLER_512_3036
[INFO DPL-0035]  FILLER_498_3119
[INFO DPL-0035]  FILLER_503_3090
[INFO DPL-0035]  FILLER_503_3090
[INFO DPL-0035]  FILLER_525_2960
[INFO DPL-0035]  FILLER_525_2960
[INFO DPL-0035]  FILLER_523_2972
[INFO DPL-0035]  FILLER_523_2972
[INFO DPL-0035]  FILLER_505_3079
[INFO DPL-0035]  FILLER_505_3079
[INFO DPL-0035]  FILLER_499_3115
[INFO DPL-0035]  FILLER_517_3009
[INFO DPL-0035]  FILLER_517_3009
[INFO DPL-0035]  FILLER_502_3098
[INFO DPL-0035]  FILLER_524_2968
[INFO DPL-0035]  FILLER_510_3051
[INFO DPL-0035]  FILLER_518_3004
[INFO DPL-0035]  FILLER_518_3004
[INFO DPL-0035]  FILLER_511_3046
[INFO DPL-0035]  FILLER_527_2952
[INFO DPL-0035]  FILLER_527_2952
[INFO DPL-0035]  FILLER_514_3029
[INFO DPL-0035]  FILLER_514_3029
[INFO DPL-0035]  FILLER_514_3029
[INFO DPL-0035]  FILLER_520_2994
[INFO DPL-0035]  FILLER_508_3065
[INFO DPL-0035]  FILLER_508_3065
[INFO DPL-0035]  FILLER_506_3077
[INFO DPL-0035]  FILLER_522_2983
[INFO DPL-0035]  FILLER_522_2983
[INFO DPL-0035]  FILLER_521_2989
[INFO DPL-0035]  FILLER_500_3114
[INFO DPL-0035]  FILLER_500_3114
[INFO DPL-0035]  FILLER_519_3002
[INFO DPL-0035]  FILLER_512_3044
[INFO DPL-0035]  FILLER_512_3044
[INFO DPL-0035]  FILLER_525_2968
[INFO DPL-0035]  FILLER_523_2980
[INFO DPL-0035]  FILLER_523_2980
[INFO DPL-0035]  FILLER_505_3087
[INFO DPL-0035]  FILLER_507_3076
[INFO DPL-0035]  FILLER_507_3076
[INFO DPL-0035]  FILLER_502_3106
[INFO DPL-0035]  FILLER_502_3106
[INFO DPL-0035]  FILLER_516_3025
[INFO DPL-0035]  FILLER_527_2960
[INFO DPL-0035]  FILLER_506_3085
[INFO DPL-0035]  FILLER_522_2991
[INFO DPL-0035]  FILLER_521_2997
[INFO DPL-0035]  FILLER_515_3033
[INFO DPL-0035]  FILLER_526_2968
[INFO DPL-0035]  FILLER_513_3045
[INFO DPL-0035]  FILLER_513_3045
[INFO DPL-0035]  FILLER_513_3045
[INFO DPL-0035]  FILLER_519_3010
[INFO DPL-0035]  FILLER_503_3106
[INFO DPL-0035]  FILLER_525_2976
[INFO DPL-0035]  FILLER_525_2976
[INFO DPL-0035]  FILLER_525_2976
[INFO DPL-0035]  FILLER_507_3084
[INFO DPL-0035]  FILLER_507_3084
[INFO DPL-0035]  FILLER_502_3114
[INFO DPL-0035]  FILLER_524_2984
[INFO DPL-0035]  FILLER_510_3067
[INFO DPL-0035]  FILLER_509_3073
[INFO DPL-0035]  FILLER_518_3020
[INFO DPL-0035]  FILLER_518_3020
[INFO DPL-0035]  FILLER_518_3020
[INFO DPL-0035]  FILLER_518_3020
[INFO DPL-0035]  FILLER_504_3103
[INFO DPL-0035]  FILLER_511_3062
[INFO DPL-0035]  FILLER_516_3033
[INFO DPL-0035]  FILLER_527_2968
[INFO DPL-0035]  FILLER_514_3045
[INFO DPL-0035]  FILLER_514_3045
[INFO DPL-0035]  FILLER_520_3010
[INFO DPL-0035]  FILLER_520_3010
[INFO DPL-0035]  FILLER_520_3010
[INFO DPL-0035]  FILLER_522_2999
[INFO DPL-0035]  FILLER_522_2999
[INFO DPL-0035]  FILLER_519_3018
[INFO DPL-0035]  FILLER_512_3060
[INFO DPL-0035]  FILLER_512_3060
[INFO DPL-0035]  FILLER_503_3114
[INFO DPL-0035]  FILLER_525_2984
[INFO DPL-0035]  FILLER_525_2984
[INFO DPL-0035]  FILLER_505_3103
[INFO DPL-0035]  FILLER_507_3092
[INFO DPL-0035]  FILLER_507_3092
[INFO DPL-0035]  FILLER_517_3033
[INFO DPL-0035]  FILLER_509_3081
[INFO DPL-0035]  FILLER_509_3081
[INFO DPL-0035]  FILLER_518_3028
[INFO DPL-0035]  FILLER_518_3028
[INFO DPL-0035]  FILLER_518_3028
[INFO DPL-0035]  FILLER_527_2976
[INFO DPL-0035]  FILLER_514_3053
[INFO DPL-0035]  FILLER_506_3101
[INFO DPL-0035]  FILLER_522_3007
[INFO DPL-0035]  FILLER_522_3007
[INFO DPL-0035]  FILLER_522_3007
[INFO DPL-0035]  FILLER_521_3013
[INFO DPL-0035]  FILLER_515_3049
[INFO DPL-0035]  FILLER_526_2984
[INFO DPL-0035]  FILLER_526_2984
[INFO DPL-0035]  FILLER_513_3061
[INFO DPL-0035]  FILLER_519_3026
[INFO DPL-0035]  FILLER_519_3026
[INFO DPL-0035]  FILLER_512_3068
[INFO DPL-0035]  FILLER_525_2992
[INFO DPL-0035]  FILLER_507_3100
[INFO DPL-0035]  FILLER_507_3100
[INFO DPL-0035]  FILLER_509_3089
[INFO DPL-0035]  FILLER_509_3089
[INFO DPL-0035]  FILLER_518_3036
[INFO DPL-0035]  FILLER_518_3036
[INFO DPL-0035]  FILLER_518_3036
[INFO DPL-0035]  FILLER_504_3119
[INFO DPL-0035]  FILLER_511_3078
[INFO DPL-0035]  FILLER_511_3078
[INFO DPL-0035]  FILLER_527_2984
[INFO DPL-0035]  FILLER_514_3061
[INFO DPL-0035]  FILLER_514_3061
[INFO DPL-0035]  FILLER_520_3026
[INFO DPL-0035]  FILLER_521_3021
[INFO DPL-0035]  FILLER_521_3021
[INFO DPL-0035]  FILLER_521_3021
[INFO DPL-0035]  FILLER_513_3069
[INFO DPL-0035]  FILLER_519_3034
[INFO DPL-0035]  FILLER_525_3000
[INFO DPL-0035]  FILLER_525_3000
[INFO DPL-0035]  FILLER_523_3012
[INFO DPL-0035]  FILLER_505_3119
[INFO DPL-0035]  FILLER_505_3119
[INFO DPL-0035]  FILLER_524_3008
[INFO DPL-0035]  FILLER_524_3008
[INFO DPL-0035]  FILLER_510_3091
[INFO DPL-0035]  FILLER_510_3091
[INFO DPL-0035]  FILLER_510_3091
[INFO DPL-0035]  FILLER_511_3086
[INFO DPL-0035]  FILLER_511_3086
[INFO DPL-0035]  FILLER_516_3057
[INFO DPL-0035]  FILLER_527_2992
[INFO DPL-0035]  FILLER_527_2992
[INFO DPL-0035]  FILLER_514_3069
[INFO DPL-0035]  FILLER_514_3069
[INFO DPL-0035]  FILLER_520_3034
[INFO DPL-0035]  FILLER_508_3105
[INFO DPL-0035]  FILLER_506_3117
[INFO DPL-0035]  FILLER_506_3117
[INFO DPL-0035]  FILLER_506_3117
[INFO DPL-0035]  FILLER_522_3023
[INFO DPL-0035]  FILLER_515_3065
[INFO DPL-0035]  FILLER_515_3065
[INFO DPL-0035]  FILLER_513_3077
[INFO DPL-0035]  FILLER_519_3042
[INFO DPL-0035]  FILLER_512_3084
[INFO DPL-0035]  FILLER_525_3008
[INFO DPL-0035]  FILLER_525_3008
[INFO DPL-0035]  FILLER_524_3016
[INFO DPL-0035]  FILLER_524_3016
[INFO DPL-0035]  FILLER_524_3016
[INFO DPL-0035]  FILLER_527_3000
[INFO DPL-0035]  FILLER_527_3000
[INFO DPL-0035]  FILLER_520_3042
[INFO DPL-0035]  FILLER_508_3113
[INFO DPL-0035]  FILLER_522_3031
[INFO DPL-0035]  FILLER_522_3031
[INFO DPL-0035]  FILLER_515_3073
[INFO DPL-0035]  FILLER_519_3050
[INFO DPL-0035]  FILLER_519_3050
[INFO DPL-0035]  FILLER_512_3092
[INFO DPL-0035]  FILLER_525_3016
[INFO DPL-0035]  FILLER_525_3016
[INFO DPL-0035]  FILLER_525_3016
[INFO DPL-0035]  FILLER_524_3024
[INFO DPL-0035]  FILLER_524_3024
[INFO DPL-0035]  FILLER_524_3024
[INFO DPL-0035]  FILLER_510_3107
[INFO DPL-0035]  FILLER_510_3107
[INFO DPL-0035]  FILLER_518_3060
[INFO DPL-0035]  FILLER_527_3008
[INFO DPL-0035]  FILLER_508_3121
[INFO DPL-0035]  FILLER_522_3039
[INFO DPL-0035]  FILLER_522_3039
[INFO DPL-0035]  FILLER_526_3016
[INFO DPL-0035]  FILLER_513_3093
[INFO DPL-0035]  FILLER_513_3093
[INFO DPL-0035]  FILLER_513_3093
[INFO DPL-0035]  FILLER_513_3093
[INFO DPL-0035]  FILLER_519_3058
[INFO DPL-0035]  FILLER_512_3100
[INFO DPL-0035]  FILLER_525_3024
[INFO DPL-0035]  FILLER_525_3024
[INFO DPL-0035]  FILLER_523_3036
[INFO DPL-0035]  FILLER_517_3073
[INFO DPL-0035]  FILLER_517_3073
[INFO DPL-0035]  FILLER_524_3032
[INFO DPL-0035]  FILLER_524_3032
[INFO DPL-0035]  FILLER_510_3115
[INFO DPL-0035]  FILLER_510_3115
[INFO DPL-0035]  FILLER_510_3115
[INFO DPL-0035]  FILLER_518_3068
[INFO DPL-0035]  FILLER_516_3081
[INFO DPL-0035]  FILLER_527_3016
[INFO DPL-0035]  FILLER_527_3016
[INFO DPL-0035]  FILLER_522_3047
[INFO DPL-0035]  FILLER_526_3024
[INFO DPL-0035]  FILLER_513_3101
[INFO DPL-0035]  FILLER_513_3101
[INFO DPL-0035]  FILLER_525_3032
[INFO DPL-0035]  FILLER_525_3032
[INFO DPL-0035]  FILLER_525_3032
[INFO DPL-0035]  FILLER_517_3081
[INFO DPL-0035]  FILLER_517_3081
[INFO DPL-0035]  FILLER_524_3040
[INFO DPL-0035]  FILLER_518_3076
[INFO DPL-0035]  FILLER_518_3076
[INFO DPL-0035]  FILLER_511_3118
[INFO DPL-0035]  FILLER_527_3024
[INFO DPL-0035]  FILLER_514_3101
[INFO DPL-0035]  FILLER_514_3101
[INFO DPL-0035]  FILLER_520_3066
[INFO DPL-0035]  FILLER_522_3055
[INFO DPL-0035]  FILLER_522_3055
[INFO DPL-0035]  FILLER_521_3061
[INFO DPL-0035]  FILLER_526_3032
[INFO DPL-0035]  FILLER_513_3109
[INFO DPL-0035]  FILLER_519_3074
[INFO DPL-0035]  FILLER_512_3116
[INFO DPL-0035]  FILLER_512_3116
[INFO DPL-0035]  FILLER_525_3040
[INFO DPL-0035]  FILLER_525_3040
[INFO DPL-0035]  FILLER_523_3052
[INFO DPL-0035]  FILLER_524_3048
[INFO DPL-0035]  FILLER_518_3084
[INFO DPL-0035]  FILLER_527_3032
[INFO DPL-0035]  FILLER_527_3032
[INFO DPL-0035]  FILLER_514_3109
[INFO DPL-0035]  FILLER_521_3069
[INFO DPL-0035]  FILLER_521_3069
[INFO DPL-0035]  FILLER_513_3117
[INFO DPL-0035]  FILLER_513_3117
[INFO DPL-0035]  FILLER_519_3082
[INFO DPL-0035]  FILLER_519_3082
[INFO DPL-0035]  FILLER_519_3082
[INFO DPL-0035]  FILLER_525_3048
[INFO DPL-0035]  FILLER_525_3048
[INFO DPL-0035]  FILLER_517_3097
[INFO DPL-0035]  FILLER_517_3097
[INFO DPL-0035]  FILLER_517_3097
[INFO DPL-0035]  FILLER_524_3056
[INFO DPL-0035]  FILLER_524_3056
[INFO DPL-0035]  FILLER_524_3056
[INFO DPL-0035]  FILLER_524_3056
[INFO DPL-0035]  FILLER_514_3117
[INFO DPL-0035]  FILLER_520_3082
[INFO DPL-0035]  FILLER_520_3082
[INFO DPL-0035]  FILLER_526_3048
[INFO DPL-0035]  FILLER_525_3056
[INFO DPL-0035]  FILLER_525_3056
[INFO DPL-0035]  FILLER_525_3056
[INFO DPL-0035]  FILLER_524_3064
[INFO DPL-0035]  FILLER_524_3064
[INFO DPL-0035]  FILLER_524_3064
[INFO DPL-0035]  FILLER_518_3100
[INFO DPL-0035]  FILLER_516_3113
[INFO DPL-0035]  FILLER_515_3121
[INFO DPL-0035]  FILLER_526_3056
[INFO DPL-0035]  FILLER_525_3064
[INFO DPL-0035]  FILLER_525_3064
[INFO DPL-0035]  FILLER_525_3064
[INFO DPL-0035]  FILLER_525_3064
[INFO DPL-0035]  FILLER_524_3072
[INFO DPL-0035]  FILLER_518_3108
[INFO DPL-0035]  FILLER_516_3121
[INFO DPL-0035]  FILLER_527_3056
[INFO DPL-0035]  FILLER_527_3056
[INFO DPL-0035]  FILLER_527_3056
[INFO DPL-0035]  FILLER_520_3098
[INFO DPL-0035]  FILLER_520_3098
[INFO DPL-0035]  FILLER_14_2992
[INFO DPL-0035]  FILLER_522_3087
[INFO DPL-0035]  FILLER_519_3106
[INFO DPL-0035]  FILLER_525_3072
[INFO DPL-0035]  FILLER_525_3072
[INFO DPL-0035]  FILLER_523_3084
[INFO DPL-0035]  FILLER_7_2955
[INFO DPL-0035]  FILLER_20_3032
[INFO DPL-0035]  FILLER_517_3121
[INFO DPL-0035]  FILLER_10_2974
[INFO DPL-0035]  FILLER_518_3116
[INFO DPL-0035]  FILLER_25_3063
[INFO DPL-0035]  FILLER_25_3063
[INFO DPL-0035]  FILLER_11_2981
[INFO DPL-0035]  FILLER_11_2981
[INFO DPL-0035]  FILLER_11_2981
[INFO DPL-0035]  FILLER_34_3117
[INFO DPL-0035]  FILLER_34_3117
[INFO DPL-0035]  FILLER_34_3117
[INFO DPL-0035]  FILLER_34_3117
[INFO DPL-0035]  FILLER_24_3058
[INFO DPL-0035]  FILLER_2_2928
[INFO DPL-0035]  FILLER_527_3064
[INFO DPL-0035]  FILLER_28_3082
[INFO DPL-0035]  FILLER_28_3082
[INFO DPL-0035]  FILLER_28_3082
[INFO DPL-0035]  FILLER_520_3106
[INFO DPL-0035]  FILLER_22_3047
[INFO DPL-0035]  FILLER_14_3000
[INFO DPL-0035]  FILLER_521_3101
[INFO DPL-0035]  FILLER_526_3072
[INFO DPL-0035]  FILLER_526_3072
[INFO DPL-0035]  FILLER_19_3031
[INFO DPL-0035]  FILLER_519_3114
[INFO DPL-0035]  FILLER_519_3114
[INFO DPL-0035]  FILLER_13_2996
[INFO DPL-0035]  FILLER_18_3026
[INFO DPL-0035]  FILLER_18_3026
[INFO DPL-0035]  FILLER_21_3044
[INFO DPL-0035]  FILLER_0_2920
[INFO DPL-0035]  FILLER_525_3080
[INFO DPL-0035]  FILLER_7_2963
[INFO DPL-0035]  FILLER_7_2963
[INFO DPL-0035]  FILLER_7_2963
[INFO DPL-0035]  FILLER_20_3040
[INFO DPL-0035]  FILLER_32_3111
[INFO DPL-0035]  FILLER_32_3111
[INFO DPL-0035]  FILLER_32_3111
[INFO DPL-0035]  FILLER_524_3088
[INFO DPL-0035]  FILLER_524_3088
[INFO DPL-0035]  FILLER_10_2982
[INFO DPL-0035]  FILLER_15_3012
[INFO DPL-0035]  FILLER_15_3012
[INFO DPL-0035]  FILLER_15_3012
[INFO DPL-0035]  FILLER_6_2959
[INFO DPL-0035]  FILLER_6_2959
[INFO DPL-0035]  FILLER_11_2989
[INFO DPL-0035]  FILLER_24_3066
[INFO DPL-0035]  FILLER_24_3066
[INFO DPL-0035]  FILLER_24_3066
[INFO DPL-0035]  FILLER_2_2936
[INFO DPL-0035]  FILLER_527_3072
[INFO DPL-0035]  FILLER_527_3072
[INFO DPL-0035]  FILLER_527_3072
[INFO DPL-0035]  FILLER_520_3114
[INFO DPL-0035]  FILLER_22_3055
[INFO DPL-0035]  FILLER_17_3026
[INFO DPL-0035]  FILLER_30_3103
[INFO DPL-0035]  FILLER_30_3103
[INFO DPL-0035]  FILLER_522_3103
[INFO DPL-0035]  FILLER_522_3103
[INFO DPL-0035]  FILLER_521_3109
[INFO DPL-0035]  FILLER_3_2944
[INFO DPL-0035]  FILLER_3_2944
[INFO DPL-0035]  FILLER_5_2956
[INFO DPL-0035]  FILLER_13_3004
[INFO DPL-0035]  FILLER_13_3004
[INFO DPL-0035]  FILLER_26_3081
[INFO DPL-0035]  FILLER_26_3081
[INFO DPL-0035]  FILLER_18_3034
[INFO DPL-0035]  FILLER_525_3088
[INFO DPL-0035]  FILLER_525_3088
[INFO DPL-0035]  FILLER_8_2976
[INFO DPL-0035]  FILLER_8_2976
[INFO DPL-0035]  FILLER_8_2976
[INFO DPL-0035]  FILLER_23_3065
[INFO DPL-0035]  FILLER_23_3065
[INFO DPL-0035]  FILLER_23_3065
[INFO DPL-0035]  FILLER_7_2971
[INFO DPL-0035]  FILLER_32_3119
[INFO DPL-0035]  FILLER_9_2983
[INFO DPL-0035]  FILLER_1_2936
[INFO DPL-0035]  FILLER_15_3020
[INFO DPL-0035]  FILLER_15_3020
[INFO DPL-0035]  FILLER_15_3020
[INFO DPL-0035]  FILLER_11_2997
[INFO DPL-0035]  FILLER_24_3074
[INFO DPL-0035]  FILLER_24_3074
[INFO DPL-0035]  FILLER_2_2944
[INFO DPL-0035]  FILLER_22_3063
[INFO DPL-0035]  FILLER_16_3028
[INFO DPL-0035]  FILLER_16_3028
[INFO DPL-0035]  FILLER_16_3028
[INFO DPL-0035]  FILLER_30_3111
[INFO DPL-0035]  FILLER_30_3111
[INFO DPL-0035]  FILLER_3_2952
[INFO DPL-0035]  FILLER_19_3047
[INFO DPL-0035]  FILLER_19_3047
[INFO DPL-0035]  FILLER_13_3012
[INFO DPL-0035]  FILLER_13_3012
[INFO DPL-0035]  FILLER_26_3089
[INFO DPL-0035]  FILLER_26_3089
[INFO DPL-0035]  FILLER_18_3042
[INFO DPL-0035]  FILLER_18_3042
[INFO DPL-0035]  FILLER_0_2936
[INFO DPL-0035]  FILLER_525_3096
[INFO DPL-0035]  FILLER_525_3096
[INFO DPL-0035]  FILLER_525_3096
[INFO DPL-0035]  FILLER_31_3120
[INFO DPL-0035]  FILLER_8_2984
[INFO DPL-0035]  FILLER_8_2984
[INFO DPL-0035]  FILLER_8_2984
[INFO DPL-0035]  FILLER_7_2979
[INFO DPL-0035]  FILLER_7_2979
[INFO DPL-0035]  FILLER_6_2974
[INFO DPL-0035]  FILLER_10_2998
[INFO DPL-0035]  FILLER_10_2998
[INFO DPL-0035]  FILLER_11_3005
[INFO DPL-0035]  FILLER_11_3005
[INFO DPL-0035]  FILLER_2_2952
[INFO DPL-0035]  FILLER_527_3088
[INFO DPL-0035]  FILLER_527_3088
[INFO DPL-0035]  FILLER_527_3088
[INFO DPL-0035]  FILLER_22_3071
[INFO DPL-0035]  FILLER_22_3071
[INFO DPL-0035]  FILLER_14_3024
[INFO DPL-0035]  FILLER_30_3119
[INFO DPL-0035]  FILLER_522_3119
[INFO DPL-0035]  FILLER_522_3119
[INFO DPL-0035]  FILLER_3_2960
[INFO DPL-0035]  FILLER_3_2960
[INFO DPL-0035]  FILLER_4_2966
[INFO DPL-0035]  FILLER_4_2966
[INFO DPL-0035]  FILLER_5_2972
[INFO DPL-0035]  FILLER_29_3114
[INFO DPL-0035]  FILLER_26_3097
[INFO DPL-0035]  FILLER_18_3050
[INFO DPL-0035]  FILLER_18_3050
[INFO DPL-0035]  FILLER_21_3068
[INFO DPL-0035]  FILLER_0_2944
[INFO DPL-0035]  FILLER_523_3116
[INFO DPL-0035]  FILLER_23_3081
[INFO DPL-0035]  FILLER_7_2987
[INFO DPL-0035]  FILLER_20_3064
[INFO DPL-0035]  FILLER_6_2982
[INFO DPL-0035]  FILLER_6_2982
[INFO DPL-0035]  FILLER_10_3006
[INFO DPL-0035]  FILLER_12_3018
[INFO DPL-0035]  FILLER_15_3036
[INFO DPL-0035]  FILLER_11_3013
[INFO DPL-0035]  FILLER_11_3013
[INFO DPL-0035]  FILLER_24_3090
[INFO DPL-0035]  FILLER_2_2960
[INFO DPL-0035]  FILLER_527_3096
[INFO DPL-0035]  FILLER_527_3096
[INFO DPL-0035]  FILLER_22_3079
[INFO DPL-0035]  FILLER_16_3044
[INFO DPL-0035]  FILLER_17_3050
[INFO DPL-0035]  FILLER_3_2968
[INFO DPL-0035]  FILLER_3_2968
[INFO DPL-0035]  FILLER_19_3063
[INFO DPL-0035]  FILLER_19_3063
[INFO DPL-0035]  FILLER_13_3028
[INFO DPL-0035]  FILLER_13_3028
[INFO DPL-0035]  FILLER_26_3105
[INFO DPL-0035]  FILLER_21_3076
[INFO DPL-0035]  FILLER_21_3076
[INFO DPL-0035]  FILLER_0_2952
[INFO DPL-0035]  FILLER_8_3000
[INFO DPL-0035]  FILLER_8_3000
[INFO DPL-0035]  FILLER_8_3000
[INFO DPL-0035]  FILLER_7_2995
[INFO DPL-0035]  FILLER_7_2995
[INFO DPL-0035]  FILLER_7_2995
[INFO DPL-0035]  FILLER_1_2960
[INFO DPL-0035]  FILLER_524_3120
[INFO DPL-0035]  FILLER_524_3120
[INFO DPL-0035]  FILLER_524_3120
[INFO DPL-0035]  FILLER_25_3103
[INFO DPL-0035]  FILLER_25_3103
[INFO DPL-0035]  FILLER_15_3044
[INFO DPL-0035]  FILLER_24_3098
[INFO DPL-0035]  FILLER_2_2968
[INFO DPL-0035]  FILLER_22_3087
[INFO DPL-0035]  FILLER_27_3117
[INFO DPL-0035]  FILLER_17_3058
[INFO DPL-0035]  FILLER_3_2976
[INFO DPL-0035]  FILLER_3_2976
[INFO DPL-0035]  FILLER_3_2976
[INFO DPL-0035]  FILLER_3_2976
[INFO DPL-0035]  FILLER_5_2988
[INFO DPL-0035]  FILLER_19_3071
[INFO DPL-0035]  FILLER_13_3036
[INFO DPL-0035]  FILLER_26_3113
[INFO DPL-0035]  FILLER_18_3066
[INFO DPL-0035]  FILLER_21_3084
[INFO DPL-0035]  FILLER_0_2960
[INFO DPL-0035]  FILLER_525_3120
[INFO DPL-0035]  FILLER_525_3120
[INFO DPL-0035]  FILLER_525_3120
[INFO DPL-0035]  FILLER_8_3008
[INFO DPL-0035]  FILLER_8_3008
[INFO DPL-0035]  FILLER_8_3008
[INFO DPL-0035]  FILLER_20_3080
[INFO DPL-0035]  FILLER_20_3080
[INFO DPL-0035]  FILLER_20_3080
[INFO DPL-0035]  FILLER_9_3015
[INFO DPL-0035]  FILLER_1_2968
[INFO DPL-0035]  FILLER_1_2968
[INFO DPL-0035]  FILLER_25_3111
[INFO DPL-0035]  FILLER_15_3052
[INFO DPL-0035]  FILLER_11_3029
[INFO DPL-0035]  FILLER_2_2976
[INFO DPL-0035]  FILLER_16_3060
[INFO DPL-0035]  FILLER_16_3060
[INFO DPL-0035]  FILLER_3_2984
[INFO DPL-0035]  FILLER_3_2984
[INFO DPL-0035]  FILLER_526_3120
[INFO DPL-0035]  FILLER_4_2990
[INFO DPL-0035]  FILLER_19_3079
[INFO DPL-0035]  FILLER_13_3044
[INFO DPL-0035]  FILLER_26_3121
[INFO DPL-0035]  FILLER_18_3074
[INFO DPL-0035]  FILLER_21_3092
[INFO DPL-0035]  FILLER_21_3092
[INFO DPL-0035]  FILLER_0_2968
[INFO DPL-0035]  FILLER_8_3016
[INFO DPL-0035]  FILLER_8_3016
[INFO DPL-0035]  FILLER_8_3016
[INFO DPL-0035]  FILLER_8_3016
[INFO DPL-0035]  FILLER_23_3105
[INFO DPL-0035]  FILLER_23_3105
[INFO DPL-0035]  FILLER_23_3105
[INFO DPL-0035]  FILLER_7_3011
[INFO DPL-0035]  FILLER_20_3088
[INFO DPL-0035]  FILLER_20_3088
[INFO DPL-0035]  FILLER_2_2984
[INFO DPL-0035]  FILLER_2_2984
[INFO DPL-0035]  FILLER_527_3120
[INFO DPL-0035]  FILLER_22_3103
[INFO DPL-0035]  FILLER_14_3056
[INFO DPL-0035]  FILLER_16_3068
[INFO DPL-0035]  FILLER_17_3074
[INFO DPL-0035]  FILLER_3_2992
[INFO DPL-0035]  FILLER_4_2998
[INFO DPL-0035]  FILLER_4_2998
[INFO DPL-0035]  FILLER_19_3087
[INFO DPL-0035]  FILLER_19_3087
[INFO DPL-0035]  FILLER_13_3052
[INFO DPL-0035]  FILLER_13_3052
[INFO DPL-0035]  FILLER_21_3100
[INFO DPL-0035]  FILLER_0_2976
[INFO DPL-0035]  FILLER_8_3024
[INFO DPL-0035]  FILLER_8_3024
[INFO DPL-0035]  FILLER_8_3024
[INFO DPL-0035]  FILLER_7_3019
[INFO DPL-0035]  FILLER_10_3038
[INFO DPL-0035]  FILLER_15_3068
[INFO DPL-0035]  FILLER_15_3068
[INFO DPL-0035]  FILLER_15_3068
[INFO DPL-0035]  FILLER_11_3045
[INFO DPL-0035]  FILLER_2_2992
[INFO DPL-0035]  FILLER_2_2992
[INFO DPL-0035]  FILLER_22_3111
[INFO DPL-0035]  FILLER_22_3111
[INFO DPL-0035]  FILLER_16_3076
[INFO DPL-0035]  FILLER_5_3012
[INFO DPL-0035]  FILLER_5_3012
[INFO DPL-0035]  FILLER_19_3095
[INFO DPL-0035]  FILLER_13_3060
[INFO DPL-0035]  FILLER_21_3108
[INFO DPL-0035]  FILLER_21_3108
[INFO DPL-0035]  FILLER_0_2984
[INFO DPL-0035]  FILLER_7_3027
[INFO DPL-0035]  FILLER_7_3027
[INFO DPL-0035]  FILLER_20_3104
[INFO DPL-0035]  FILLER_9_3039
[INFO DPL-0035]  FILLER_1_2992
[INFO DPL-0035]  FILLER_1_2992
[INFO DPL-0035]  FILLER_12_3058
[INFO DPL-0035]  FILLER_15_3076
[INFO DPL-0035]  FILLER_11_3053
[INFO DPL-0035]  FILLER_2_3000
[INFO DPL-0035]  FILLER_22_3119
[INFO DPL-0035]  FILLER_14_3072
[INFO DPL-0035]  FILLER_17_3090
[INFO DPL-0035]  FILLER_3_3008
[INFO DPL-0035]  FILLER_4_3014
[INFO DPL-0035]  FILLER_5_3020
[INFO DPL-0035]  FILLER_19_3103
[INFO DPL-0035]  FILLER_19_3103
[INFO DPL-0035]  FILLER_13_3068
[INFO DPL-0035]  FILLER_21_3116
[INFO DPL-0035]  FILLER_21_3116
[INFO DPL-0035]  FILLER_0_2992
[INFO DPL-0035]  FILLER_8_3040
[INFO DPL-0035]  FILLER_8_3040
[INFO DPL-0035]  FILLER_8_3040
[INFO DPL-0035]  FILLER_1_3000
[INFO DPL-0035]  FILLER_6_3030
[INFO DPL-0035]  FILLER_6_3030
[INFO DPL-0035]  FILLER_10_3054
[INFO DPL-0035]  FILLER_10_3054
[INFO DPL-0035]  FILLER_12_3066
[INFO DPL-0035]  FILLER_15_3084
[INFO DPL-0035]  FILLER_15_3084
[INFO DPL-0035]  FILLER_2_3008
[INFO DPL-0035]  FILLER_3_3016
[INFO DPL-0035]  FILLER_3_3016
[INFO DPL-0035]  FILLER_19_3111
[INFO DPL-0035]  FILLER_19_3111
[INFO DPL-0035]  FILLER_13_3076
[INFO DPL-0035]  FILLER_0_3000
[INFO DPL-0035]  FILLER_18_3108
[INFO DPL-0035]  FILLER_7_3043
[INFO DPL-0035]  FILLER_20_3120
[INFO DPL-0035]  FILLER_9_3055
[INFO DPL-0035]  FILLER_9_3055
[INFO DPL-0035]  FILLER_9_3055
[INFO DPL-0035]  FILLER_1_3008
[INFO DPL-0035]  FILLER_6_3038
[INFO DPL-0035]  FILLER_2_3016
[INFO DPL-0035]  FILLER_14_3088
[INFO DPL-0035]  FILLER_14_3088
[INFO DPL-0035]  FILLER_3_3024
[INFO DPL-0035]  FILLER_3_3024
[INFO DPL-0035]  FILLER_5_3036
[INFO DPL-0035]  FILLER_5_3036
[INFO DPL-0035]  FILLER_19_3119
[INFO DPL-0035]  FILLER_19_3119
[INFO DPL-0035]  FILLER_13_3084
[INFO DPL-0035]  FILLER_0_3008
[INFO DPL-0035]  FILLER_8_3056
[INFO DPL-0035]  FILLER_7_3051
[INFO DPL-0035]  FILLER_16_3105
[INFO DPL-0035]  FILLER_6_3046
[INFO DPL-0035]  FILLER_6_3046
[INFO DPL-0035]  FILLER_6_3046
[INFO DPL-0035]  FILLER_10_3070
[INFO DPL-0035]  FILLER_12_3082
[INFO DPL-0035]  FILLER_15_3100
[INFO DPL-0035]  FILLER_11_3077
[INFO DPL-0035]  FILLER_2_3024
[INFO DPL-0035]  FILLER_14_3096
[INFO DPL-0035]  FILLER_17_3114
[INFO DPL-0035]  FILLER_3_3032
[INFO DPL-0035]  FILLER_4_3038
[INFO DPL-0035]  FILLER_4_3038
[INFO DPL-0035]  FILLER_0_3016
[INFO DPL-0035]  FILLER_8_3064
[INFO DPL-0035]  FILLER_1_3024
[INFO DPL-0035]  FILLER_16_3113
[INFO DPL-0035]  FILLER_6_3054
[INFO DPL-0035]  FILLER_10_3078
[INFO DPL-0035]  FILLER_12_3090
[INFO DPL-0035]  FILLER_12_3090
[INFO DPL-0035]  FILLER_15_3108
[INFO DPL-0035]  FILLER_15_3108
[INFO DPL-0035]  FILLER_5_3049
[INFO DPL-0035]  FILLER_2_3032
[INFO DPL-0035]  FILLER_14_3104
[INFO DPL-0035]  FILLER_14_3104
[INFO DPL-0035]  FILLER_3_3040
[INFO DPL-0035]  FILLER_3_3040
[INFO DPL-0035]  FILLER_3_3040
[INFO DPL-0035]  FILLER_3_3040
[INFO DPL-0035]  FILLER_0_3024
[INFO DPL-0035]  FILLER_9_3079
[INFO DPL-0035]  FILLER_1_3032
[INFO DPL-0035]  FILLER_6_3062
[INFO DPL-0035]  FILLER_15_3116
[INFO DPL-0035]  FILLER_5_3057
[INFO DPL-0035]  FILLER_5_3057
[INFO DPL-0035]  FILLER_5_3057
[INFO DPL-0035]  FILLER_11_3093
[INFO DPL-0035]  FILLER_2_3040
[INFO DPL-0035]  FILLER_3_3048
[INFO DPL-0035]  FILLER_4_3054
[INFO DPL-0035]  FILLER_13_3108
[INFO DPL-0035]  FILLER_0_3032
[INFO DPL-0035]  FILLER_8_3080
[INFO DPL-0035]  FILLER_8_3080
[INFO DPL-0035]  FILLER_8_3080
[INFO DPL-0035]  FILLER_8_3080
[INFO DPL-0035]  FILLER_9_3087
[INFO DPL-0035]  FILLER_9_3087
[INFO DPL-0035]  FILLER_1_3040
[INFO DPL-0035]  FILLER_6_3070
[INFO DPL-0035]  FILLER_6_3070
[INFO DPL-0035]  FILLER_6_3070
[INFO DPL-0035]  FILLER_11_3101
[INFO DPL-0035]  FILLER_2_3048
[INFO DPL-0035]  FILLER_14_3120
[INFO DPL-0035]  FILLER_3_3056
[INFO DPL-0035]  FILLER_3_3056
[INFO DPL-0035]  FILLER_4_3062
[INFO DPL-0035]  FILLER_13_3116
[INFO DPL-0035]  FILLER_0_3040
[INFO DPL-0035]  FILLER_8_3088
[INFO DPL-0035]  FILLER_5_3073
[INFO DPL-0035]  FILLER_5_3073
[INFO DPL-0035]  FILLER_5_3073
[INFO DPL-0035]  FILLER_11_3109
[INFO DPL-0035]  FILLER_2_3056
[INFO DPL-0035]  FILLER_4_3070
[INFO DPL-0035]  FILLER_0_3048
[INFO DPL-0035]  FILLER_8_3096
[INFO DPL-0035]  FILLER_8_3096
[INFO DPL-0035]  FILLER_7_3091
[INFO DPL-0035]  FILLER_7_3091
[INFO DPL-0035]  FILLER_6_3086
[INFO DPL-0035]  FILLER_10_3110
[INFO DPL-0035]  FILLER_5_3081
[INFO DPL-0035]  FILLER_11_3117
[INFO DPL-0035]  FILLER_2_3064
[INFO DPL-0035]  FILLER_3_3072
[INFO DPL-0035]  FILLER_3_3072
[INFO DPL-0035]  FILLER_0_3056
[INFO DPL-0035]  FILLER_8_3104
[INFO DPL-0035]  FILLER_7_3099
[INFO DPL-0035]  FILLER_7_3099
[INFO DPL-0035]  FILLER_1_3064
[INFO DPL-0035]  FILLER_6_3094
[INFO DPL-0035]  FILLER_10_3118
[INFO DPL-0035]  FILLER_10_3118
[INFO DPL-0035]  FILLER_526_48
[INFO DPL-0035]  FILLER_526_48
[INFO DPL-0035]  FILLER_2_3072
[INFO DPL-0035]  FILLER_525_40
[INFO DPL-0035]  FILLER_3_3080
[INFO DPL-0035]  FILLER_3_3080
[INFO DPL-0035]  FILLER_4_3086
[INFO DPL-0035]  FILLER_4_3086
[INFO DPL-0035]  FILLER_520_8
[INFO DPL-0035]  FILLER_0_3064
[INFO DPL-0035]  FILLER_8_3112
[INFO DPL-0035]  FILLER_527_48
[INFO DPL-0035]  FILLER_523_24
[INFO DPL-0035]  FILLER_519_0
[INFO DPL-0035]  FILLER_1_3072
[INFO DPL-0035]  FILLER_6_3102
[INFO DPL-0035]  FILLER_526_40
[INFO DPL-0035]  FILLER_526_40
[INFO DPL-0035]  FILLER_522_16
[INFO DPL-0035]  FILLER_2_3080
[INFO DPL-0035]  FILLER_521_8
[INFO DPL-0035]  FILLER_3_3088
[INFO DPL-0035]  FILLER_3_3088
[INFO DPL-0035]  FILLER_524_24
[INFO DPL-0035]  FILLER_520_0
[INFO DPL-0035]  FILLER_8_3120
[INFO DPL-0035]  FILLER_527_40
[INFO DPL-0035]  FILLER_527_40
[INFO DPL-0035]  FILLER_523_16
[INFO DPL-0035]  FILLER_7_3115
[INFO DPL-0035]  FILLER_7_3115
[INFO DPL-0035]  FILLER_1_3080
[INFO DPL-0035]  FILLER_522_8
[INFO DPL-0035]  FILLER_2_3088
[INFO DPL-0035]  FILLER_525_24
[INFO DPL-0035]  FILLER_5_3107
[INFO DPL-0035]  FILLER_521_0
[INFO DPL-0035]  FILLER_3_3096
[INFO DPL-0035]  FILLER_3_3096
[INFO DPL-0035]  FILLER_4_3102
[INFO DPL-0035]  FILLER_524_16
[INFO DPL-0035]  FILLER_0_3080
[INFO DPL-0035]  FILLER_527_32
[INFO DPL-0035]  FILLER_523_8
[INFO DPL-0035]  FILLER_6_3118
[INFO DPL-0035]  FILLER_526_24
[INFO DPL-0035]  FILLER_522_0
[INFO DPL-0035]  FILLER_2_3096
[INFO DPL-0035]  FILLER_525_16
[INFO DPL-0035]  FILLER_5_3115
[INFO DPL-0035]  FILLER_3_3104
[INFO DPL-0035]  FILLER_4_3110
[INFO DPL-0035]  FILLER_524_8
[INFO DPL-0035]  FILLER_0_3088
[INFO DPL-0035]  FILLER_527_24
[INFO DPL-0035]  FILLER_523_0
[INFO DPL-0035]  FILLER_1_3096
[INFO DPL-0035]  FILLER_526_16
[INFO DPL-0035]  FILLER_2_3104
[INFO DPL-0035]  FILLER_525_8
[INFO DPL-0035]  FILLER_3_3112
[INFO DPL-0035]  FILLER_4_3118
[INFO DPL-0035]  FILLER_524_0
[INFO DPL-0035]  FILLER_0_3096
[INFO DPL-0035]  FILLER_527_16
[INFO DPL-0035]  FILLER_1_3104
[INFO DPL-0035]  FILLER_526_8
[INFO DPL-0035]  FILLER_2_3112
[INFO DPL-0035]  FILLER_525_0
[INFO DPL-0035]  FILLER_3_3120
[INFO DPL-0035]  FILLER_0_3104
[INFO DPL-0035]  FILLER_527_8
[INFO DPL-0035]  FILLER_1_3112
[INFO DPL-0035]  FILLER_526_0
[INFO DPL-0035]  FILLER_2_3120
[INFO DPL-0035]  FILLER_0_3112
[INFO DPL-0035]  FILLER_527_0
[INFO DPL-0035]  FILLER_1_3120
[INFO DPL-0035]  FILLER_0_3120
[INFO DPL-0035]  FILLER_3_0
[INFO DPL-0035]  FILLER_0_16
[INFO DPL-0035]  FILLER_1_8
[INFO DPL-0035]  FILLER_2_0
[INFO DPL-0035]  FILLER_0_8
[INFO DPL-0035]  FILLER_1_0
[INFO DPL-0035]  FILLER_0_0
[INFO DPL-0035]  uart_inst/_155_
[INFO DPL-0035]  uart_inst/_155_
[INFO DPL-0035]  uart_inst/_187_
[INFO DPL-0035]  uart_inst/_187_
[INFO DPL-0035]  FILLER_353_136
[INFO DPL-0035]  FILLER_353_136
[INFO DPL-0035]  FILLER_353_136
[INFO DPL-0035]  FILLER_213_48
[INFO DPL-0035]  FILLER_213_48
[INFO DPL-0035]  FILLER_370_226
[INFO DPL-0035]  FILLER_370_226
[INFO DPL-0035]  FILLER_178_237
[INFO DPL-0035]  FILLER_178_237
[INFO DPL-0035]  uart_inst/_172_
[INFO DPL-0035]  uart_inst/_172_
[INFO DPL-0035]  FILLER_171_271
[INFO DPL-0035]  FILLER_171_271
[INFO DPL-0035]  FILLER_364_169
[INFO DPL-0035]  FILLER_364_169
[INFO DPL-0035]  FILLER_364_169
[INFO DPL-0035]  FILLER_364_169
[INFO DPL-0035]  FILLER_211_24
[INFO DPL-0035]  FILLER_211_24
[INFO DPL-0035]  FILLER_165_283
[INFO DPL-0035]  FILLER_165_283
[INFO DPL-0035]  FILLER_192_112
[INFO DPL-0035]  FILLER_192_112
[INFO DPL-0035]  clkload77
[INFO DPL-0035]  clkload77
[INFO DPL-0035]  clkload77
[INFO DPL-0035]  FILLER_190_112
[INFO DPL-0035]  FILLER_191_104
[INFO DPL-0035]  FILLER_161_257
[INFO DPL-0035]  FILLER_161_257
[INFO DPL-0035]  FILLER_161_257
[INFO DPL-0035]  FILLER_160_251
[INFO DPL-0035]  FILLER_160_251
[INFO DPL-0035]  FILLER_355_32
[INFO DPL-0035]  FILLER_358_49
[INFO DPL-0035]  FILLER_358_49
[INFO DPL-0035]  FILLER_173_168
[INFO DPL-0035]  FILLER_173_168
[INFO DPL-0035]  FILLER_183_105
[INFO DPL-0035]  FILLER_183_105
[INFO DPL-0035]  FILLER_363_64
[INFO DPL-0035]  FILLER_363_64
[INFO DPL-0035]  FILLER_363_64
[INFO DPL-0035]  uart_inst/_143_
[INFO DPL-0035]  uart_inst/_143_
[INFO DPL-0035]  uart_inst/_143_
[INFO DPL-0035]  uart_inst/_143_
[INFO DPL-0035]  FILLER_160_194
[INFO DPL-0035]  FILLER_160_194
[INFO DPL-0035]  FILLER_160_194
[INFO DPL-0035]  FILLER_174_48
[INFO DPL-0035]  FILLER_174_48
[INFO DPL-0035]  FILLER_5_1007
[INFO DPL-0035]  FILLER_5_935
[INFO DPL-0035]  FILLER_398_36
[INFO DPL-0035]  FILLER_401_39
[INFO DPL-0035]  FILLER_400_24
[INFO DPL-0035]  FILLER_5_886
[INFO DPL-0035]  FILLER_5_886
[INFO DPL-0035]  FILLER_150_24
[INFO DPL-0035]  FILLER_150_24
[INFO DPL-0035]  FILLER_415_36
[INFO DPL-0035]  FILLER_415_36
[INFO DPL-0035]  FILLER_415_36
[INFO DPL-0035]  FILLER_417_24
[INFO DPL-0035]  FILLER_417_24
[INFO DPL-0035]  FILLER_428_36
[INFO DPL-0035]  FILLER_117_39
[INFO DPL-0035]  FILLER_522_548
[INFO DPL-0035]  FILLER_117_24
[INFO DPL-0035]  FILLER_440_36
[INFO DPL-0035]  FILLER_440_24
[INFO DPL-0035]  FILLER_522_503
[INFO DPL-0035]  uart_inst/_247_
[INFO DPL-0035]  FILLER_441_16
[INFO DPL-0035]  FILLER_444_24
[INFO DPL-0035]  FILLER_448_36
[INFO DPL-0035]  FILLER_461_39
[INFO DPL-0035]  FILLER_461_24
[INFO DPL-0035]  uart_inst/_158_
[INFO DPL-0035]  FILLER_468_36
[INFO DPL-0035]  FILLER_468_36
[INFO DPL-0035]  FILLER_475_24
[INFO DPL-0035]  FILLER_475_24
[INFO DPL-0035]  FILLER_478_24
[INFO DPL-0035]  FILLER_478_24
[INFO DPL-0035]  uart_inst/_218_
[INFO DPL-0035]  uart_inst/_218_
[INFO DPL-0035]  FILLER_487_36
[INFO DPL-0035]  FILLER_489_37
[INFO DPL-0035]  FILLER_6_372
[INFO DPL-0035]  FILLER_6_372
[INFO DPL-0035]  FILLER_490_36
[INFO DPL-0035]  uart_inst/_216_
[INFO DPL-0035]  FILLER_522_179
[INFO DPL-0035]  FILLER_496_24
[INFO DPL-0035]  uart_inst/_203_
[INFO DPL-0035]  FILLER_507_37
[INFO DPL-0035]  uart_inst/_205_
[INFO DPL-0035]  FILLER_516_39
[INFO DPL-0035]  FILLER_5_221
[INFO DPL-0035]  FILLER_5_221
[INFO DPL-0035]  FILLER_516_32
[INFO DPL-0035]  uart_inst/_209_
[INFO DPL-0035]  uart_inst/_209_
[INFO DPL-0035]  FILLER_522_43
[INFO DPL-0035]  FILLER_522_43
[INFO DPL-0035]  FILLER_522_43
[INFO DPL-0035]  FILLER_522_43
[INFO DPL-0035]  FILLER_5_169
[INFO DPL-0035]  FILLER_5_169
[INFO DPL-0035]  FILLER_5_169
[INFO DPL-0035]  FILLER_5_169
[INFO DPL-0035]  FILLER_4_24
[INFO DPL-0035]  FILLER_4_24
[INFO DPL-0035]  cpu_inst/_14431_
[INFO DPL-0035]  cpu_inst/_14431_
[INFO DPL-0035]  cpu_inst/_16855_
[INFO DPL-0035]  cpu_inst/_16841_
[INFO DPL-0035]  cpu_inst/_16847_
[INFO DPL-0035]  cpu_inst/_16821_
[INFO DPL-0035]  cpu_inst/_16821_
[INFO DPL-0035]  cpu_inst/_16701_
[INFO DPL-0035]  cpu_inst/_16703_
[INFO DPL-0035]  cpu_inst/_10715_
[INFO DPL-0035]  cpu_inst/_10718_
[INFO DPL-0035]  cpu_inst/_10718_
[INFO DPL-0035]  cpu_inst/_16682_
[INFO DPL-0035]  cpu_inst/_16868_
[INFO DPL-0035]  cpu_inst/_16766_
[INFO DPL-0035]  cpu_inst/_16675_
[INFO DPL-0035] message limit (1000) reached. This message will no longer print.
[ERROR DPL-0036] Detailed placement failed.
DPL-0036
[WARNING DRT-0120] Large net reset_n has 180 pins which may impact routing performance. Consider optimization.
[INFO DRT-0018]   Complete 100000 insts.
[INFO DRT-0024]   Complete FR_MASTERSLICE.
[INFO DRT-0024]   Complete Fr_VIA.
[INFO DRT-0024]   Complete li1.
[INFO DRT-0024]   Complete mcon.
[INFO DRT-0024]   Complete met1.
[INFO DRT-0024]   Complete via.
[INFO DRT-0024]   Complete met2.
[INFO DRT-0024]   Complete via2.
[INFO DRT-0024]   Complete met3.
[INFO DRT-0024]   Complete via3.
[INFO DRT-0024]   Complete met4.
[INFO DRT-0024]   Complete via4.
[INFO DRT-0024]   Complete met5.
[INFO DRT-0165] Start pin access.
[INFO DRT-0076]   Complete 1000 pins.
[INFO DRT-0076]   Complete 2000 pins.
[INFO DRT-0076]   Complete 3000 pins.
[INFO DRT-0076]   Complete 4000 pins.
[INFO DRT-0076]   Complete 5000 pins.
[INFO DRT-0076]   Complete 6000 pins.
[INFO DRT-0076]   Complete 7000 pins.
[INFO DRT-0076]   Complete 8000 pins.
[INFO DRT-0076]   Complete 9000 pins.
[INFO DRT-0076]   Complete 10000 pins.
[ERROR DRT-0073] No access point for load_slew173/A (sky130_fd_sc_hd__clkbuf_1).
[ERROR DRT-0073] No access point for wire165/A (sky130_fd_sc_hd__buf_2).
DRT-0073
[INFO RSZ-0100] Repair move sequence: UnbufferMove SizeUpMove SwapPinsMove BufferMove CloneMove SplitLoadMove 
[INFO RSZ-0098] No setup violations found
[ERROR EST-0104] inconsistent parasitics state
EST-0104
Startpoint: reset_n (input port clocked by clk)
Endpoint: bus_inst/_297_ (recovery check against rising-edge clock clk)
Path Group: asynchronous
Path Type: max

  Delay    Time   Description
---------------------------------------------------------
   0.00    0.00   clock clk (rise edge)
   0.00    0.00   clock network delay (ideal)
   4.00    4.00 ^ input external delay
   0.57    4.57 ^ reset_n (in)
   0.00    4.57 ^ bus_inst/_297_/RESET_B (sky130_fd_sc_hd__dfrtp_2)
           4.57   data arrival time

  20.00   20.00   clock clk (rise edge)
   0.00   20.00   clock network delay (ideal)
  -0.25   19.75   clock uncertainty
   0.00   19.75   clock reconvergence pessimism
          19.75 ^ bus_inst/_297_/CLK (sky130_fd_sc_hd__dfrtp_2)
  -0.12   19.63   library recovery time
          19.63   data required time
---------------------------------------------------------
          19.63   data required time
          -4.57   data arrival time
---------------------------------------------------------
          15.07   slack (MET)


Startpoint: reset_n (input port clocked by clk)
Endpoint: cpu_inst/_16228_ (rising edge-triggered flip-flop clocked by clk)
Path Group: clk
Path Type: max

  Delay    Time   Description
---------------------------------------------------------
   0.00    0.00   clock clk (rise edge)
   0.00    0.00   clock network delay (ideal)
   4.00    4.00 v input external delay
   0.57    4.57 v reset_n (in)
   1.05    5.62 ^ cpu_inst/_10060_/Y (sky130_fd_sc_hd__nand2_4)
   0.48    6.10 v cpu_inst/_10155_/Y (sky130_fd_sc_hd__nor2_1)
   0.50    6.60 v cpu_inst/_10210_/X (sky130_fd_sc_hd__maj3_1)
   0.43    7.03 v cpu_inst/_10211_/X (sky130_fd_sc_hd__maj3_1)
   0.44    7.47 v cpu_inst/_10213_/X (sky130_fd_sc_hd__maj3_1)
   0.42    7.89 v cpu_inst/_10214_/X (sky130_fd_sc_hd__maj3_1)
   0.41    8.29 v cpu_inst/_10216_/X (sky130_fd_sc_hd__maj3_1)
   0.42    8.71 v cpu_inst/_10217_/X (sky130_fd_sc_hd__maj3_1)
   0.45    9.16 v cpu_inst/_10219_/X (sky130_fd_sc_hd__maj3_1)
   0.43    9.59 v cpu_inst/_10220_/X (sky130_fd_sc_hd__maj3_1)
   0.43   10.02 v cpu_inst/_10222_/X (sky130_fd_sc_hd__maj3_1)
   0.43   10.45 v cpu_inst/_10223_/X (sky130_fd_sc_hd__maj3_1)
   0.42   10.87 v cpu_inst/_10224_/X (sky130_fd_sc_hd__maj3_1)
   0.45   11.32 v cpu_inst/_10225_/X (sky130_fd_sc_hd__maj3_1)
   0.16   11.48 ^ cpu_inst/_10228_/Y (sky130_fd_sc_hd__nand3_1)
   0.16   11.64 v cpu_inst/_10231_/Y (sky130_fd_sc_hd__a31oi_1)
   0.49   12.13 ^ cpu_inst/_10234_/Y (sky130_fd_sc_hd__o21ai_0)
   0.32   12.45 v cpu_inst/_10236_/Y (sky130_fd_sc_hd__a21boi_0)
   0.36   12.81 ^ cpu_inst/_10238_/Y (sky130_fd_sc_hd__o21ai_0)
   0.20   13.01 v cpu_inst/_10242_/Y (sky130_fd_sc_hd__a211oi_1)
   0.31   13.32 ^ cpu_inst/_10247_/Y (sky130_fd_sc_hd__o211ai_1)
   0.22   13.54 v cpu_inst/_10251_/Y (sky130_fd_sc_hd__a21oi_1)
   0.24   13.78 v cpu_inst/_10254_/X (sky130_fd_sc_hd__o22a_1)
   0.37   14.15 ^ cpu_inst/_10255_/Y (sky130_fd_sc_hd__o21ai_0)
   0.24   14.39 ^ cpu_inst/_10257_/X (sky130_fd_sc_hd__a21o_1)
   0.11   14.50 v cpu_inst/_10259_/Y (sky130_fd_sc_hd__a21oi_1)
   0.30   14.80 ^ cpu_inst/_10263_/Y (sky130_fd_sc_hd__o21ai_0)
   0.18   14.98 v cpu_inst/_10266_/Y (sky130_fd_sc_hd__a21oi_1)
   0.37   15.36 v cpu_inst/_14242_/X (sky130_fd_sc_hd__or3_1)
   0.16   15.52 ^ cpu_inst/_14243_/Y (sky130_fd_sc_hd__a21oi_1)
   0.13   15.65 v cpu_inst/_14244_/Y (sky130_fd_sc_hd__o21ai_0)
   0.25   15.89 ^ cpu_inst/_14248_/Y (sky130_fd_sc_hd__a21boi_0)
   0.15   16.04 ^ cpu_inst/_14250_/X (sky130_fd_sc_hd__o21a_1)
   0.00   16.04 ^ cpu_inst/_16228_/D (sky130_fd_sc_hd__dfxtp_1)
          16.04   data arrival time

  20.00   20.00   clock clk (rise edge)
   0.00   20.00   clock network delay (ideal)
  -0.25   19.75   clock uncertainty
   0.00   19.75   clock reconvergence pessimism
          19.75 ^ cpu_inst/_16228_/CLK (sky130_fd_sc_hd__dfxtp_1)
  -0.06   19.69   library setup time
          19.69   data required time
---------------------------------------------------------
          19.69   data required time
         -16.04   data arrival time
---------------------------------------------------------
           3.64   slack (MET)


[INFO GRT-0279] Detailed route wire length by layer:
Startpoint: reset_n (input port clocked by clk)
Endpoint: bus_inst/_297_ (recovery check against rising-edge clock clk)
Path Group: asynchronous
Path Type: max

  Delay    Time   Description
---------------------------------------------------------
   0.00    0.00   clock clk (rise edge)
   0.00    0.00   clock network delay (ideal)
   4.00    4.00 ^ input external delay
   0.57    4.57 ^ reset_n (in)
   0.00    4.57 ^ bus_inst/_297_/RESET_B (sky130_fd_sc_hd__dfrtp_2)
           4.57   data arrival time

  20.00   20.00   clock clk (rise edge)
   0.00   20.00   clock network delay (ideal)
  -0.25   19.75   clock uncertainty
   0.00   19.75   clock reconvergence pessimism
          19.75 ^ bus_inst/_297_/CLK (sky130_fd_sc_hd__dfrtp_2)
  -0.12   19.63   library recovery time
          19.63   data required time
---------------------------------------------------------
          19.63   data required time
          -4.57   data arrival time
---------------------------------------------------------
          15.07   slack (MET)


Startpoint: reset_n (input port clocked by clk)
Endpoint: cpu_inst/_16228_ (rising edge-triggered flip-flop clocked by clk)
Path Group: clk
Path Type: max

  Delay    Time   Description
---------------------------------------------------------
   0.00    0.00   clock clk (rise edge)
   0.00    0.00   clock network delay (ideal)
   4.00    4.00 v input external delay
   0.57    4.57 v reset_n (in)
   1.05    5.62 ^ cpu_inst/_10060_/Y (sky130_fd_sc_hd__nand2_4)
   0.48    6.10 v cpu_inst/_10155_/Y (sky130_fd_sc_hd__nor2_1)
   0.50    6.60 v cpu_inst/_10210_/X (sky130_fd_sc_hd__maj3_1)
   0.43    7.03 v cpu_inst/_10211_/X (sky130_fd_sc_hd__maj3_1)
   0.44    7.47 v cpu_inst/_10213_/X (sky130_fd_sc_hd__maj3_1)
   0.42    7.89 v cpu_inst/_10214_/X (sky130_fd_sc_hd__maj3_1)
   0.41    8.29 v cpu_inst/_10216_/X (sky130_fd_sc_hd__maj3_1)
   0.42    8.71 v cpu_inst/_10217_/X (sky130_fd_sc_hd__maj3_1)
   0.45    9.16 v cpu_inst/_10219_/X (sky130_fd_sc_hd__maj3_1)
   0.43    9.59 v cpu_inst/_10220_/X (sky130_fd_sc_hd__maj3_1)
   0.43   10.02 v cpu_inst/_10222_/X (sky130_fd_sc_hd__maj3_1)
   0.43   10.45 v cpu_inst/_10223_/X (sky130_fd_sc_hd__maj3_1)
   0.42   10.87 v cpu_inst/_10224_/X (sky130_fd_sc_hd__maj3_1)
   0.45   11.32 v cpu_inst/_10225_/X (sky130_fd_sc_hd__maj3_1)
   0.16   11.48 ^ cpu_inst/_10228_/Y (sky130_fd_sc_hd__nand3_1)
   0.16   11.64 v cpu_inst/_10231_/Y (sky130_fd_sc_hd__a31oi_1)
   0.49   12.13 ^ cpu_inst/_10234_/Y (sky130_fd_sc_hd__o21ai_0)
   0.32   12.45 v cpu_inst/_10236_/Y (sky130_fd_sc_hd__a21boi_0)
   0.36   12.81 ^ cpu_inst/_10238_/Y (sky130_fd_sc_hd__o21ai_0)
   0.20   13.01 v cpu_inst/_10242_/Y (sky130_fd_sc_hd__a211oi_1)
   0.31   13.32 ^ cpu_inst/_10247_/Y (sky130_fd_sc_hd__o211ai_1)
   0.22   13.54 v cpu_inst/_10251_/Y (sky130_fd_sc_hd__a21oi_1)
   0.24   13.78 v cpu_inst/_10254_/X (sky130_fd_sc_hd__o22a_1)
   0.37   14.15 ^ cpu_inst/_10255_/Y (sky130_fd_sc_hd__o21ai_0)
   0.24   14.39 ^ cpu_inst/_10257_/X (sky130_fd_sc_hd__a21o_1)
   0.11   14.50 v cpu_inst/_10259_/Y (sky130_fd_sc_hd__a21oi_1)
   0.30   14.80 ^ cpu_inst/_10263_/Y (sky130_fd_sc_hd__o21ai_0)
   0.18   14.98 v cpu_inst/_10266_/Y (sky130_fd_sc_hd__a21oi_1)
   0.37   15.36 v cpu_inst/_14242_/X (sky130_fd_sc_hd__or3_1)
   0.16   15.52 ^ cpu_inst/_14243_/Y (sky130_fd_sc_hd__a21oi_1)
   0.13   15.65 v cpu_inst/_14244_/Y (sky130_fd_sc_hd__o21ai_0)
   0.25   15.89 ^ cpu_inst/_14248_/Y (sky130_fd_sc_hd__a21boi_0)
   0.15   16.04 ^ cpu_inst/_14250_/X (sky130_fd_sc_hd__o21a_1)
   0.00   16.04 ^ cpu_inst/_16228_/D (sky130_fd_sc_hd__dfxtp_1)
          16.04   data arrival time

  20.00   20.00   clock clk (rise edge)
   0.00   20.00   clock network delay (ideal)
  -0.25   19.75   clock uncertainty
   0.00   19.75   clock reconvergence pessimism
          19.75 ^ cpu_inst/_16228_/CLK (sky130_fd_sc_hd__dfxtp_1)
  -0.06   19.69   library setup time
          19.69   data required time
---------------------------------------------------------
          19.69   data required time
         -16.04   data arrival time
---------------------------------------------------------
           3.64   slack (MET)


tns max 0.00
wns max 0.00
