Running Post-Route Sign-off STA...
OpenROAD v2.0-27886-g745f72f2bf 
Features included (+) or not (-): +GPU +GUI +Python
This program is licensed under the BSD-3 license. See the LICENSE file for details.
Components of this program may be licensed under more restrictive licenses which must be honored.
[INFO ODB-0227] LEF file: /home/manal/OpenROAD/test/sky130hd/sky130hd.tlef, created 13 layers, 25 vias
[WARNING ODB-0220] WARNING (LEFPARS-2008): NOWIREEXTENSIONATPIN statement is obsolete in version 5.6 or later.
The NOWIREEXTENSIONATPIN statement will be ignored. See file /home/manal/OpenROAD/test/sky130hd/sky130_fd_sc_hd.lef at line 2.

[INFO ODB-0227] LEF file: /home/manal/OpenROAD/test/sky130hd/sky130_fd_sc_hd.lef, created 437 library cells
[INFO ODB-0227] LEF file: ../macros/sky130_sram_1kbyte_1rw1r_32x256_8.lef, created 1 library cells
[INFO ODB-0127] Reading DEF file: output/routed.def
[INFO ODB-0128] Design: mini_soc_top
[INFO ODB-0094] 		Created 100000 Insts
[INFO ODB-0130]     Created 5 pins.
[INFO ODB-0131]     Created 179131 components and 756831 component-terminals.
[INFO ODB-0132]     Created 2 special nets and 358262 connections.
[INFO ODB-0133]     Created 11123 nets and 39674 connections.
[INFO ODB-0134] Finished DEF file: output/routed.def
Startpoint: reset_n (input port clocked by clk)
Endpoint: bus_inst/_297_ (recovery check against rising-edge clock clk)
Path Group: asynchronous
Path Type: max

  Delay    Time   Description
---------------------------------------------------------
   0.00    0.00   clock clk (rise edge)
   0.00    0.00   clock network delay (propagated)
   4.00    4.00 ^ input external delay
   0.53    4.53 ^ reset_n (in)
   0.00    4.53 ^ bus_inst/_297_/RESET_B (sky130_fd_sc_hd__dfrtp_2)
           4.53   data arrival time

  20.00   20.00   clock clk (rise edge)
   0.00   20.00   clock source latency
   0.02   20.02 ^ clk (in)
   0.11   20.12 ^ clkbuf_regs_0_clk/X (sky130_fd_sc_hd__clkbuf_16)
   0.16   20.29 ^ clkbuf_0_clk_regs/X (sky130_fd_sc_hd__clkbuf_16)
   0.18   20.47 ^ clkbuf_1_0_0_clk_regs/X (sky130_fd_sc_hd__clkbuf_16)
   0.20   20.67 ^ clkbuf_2_0_0_clk_regs/X (sky130_fd_sc_hd__clkbuf_16)
   0.28   20.95 ^ clkbuf_4_0_0_clk_regs/X (sky130_fd_sc_hd__clkbuf_16)
   0.19   21.14 ^ clkbuf_8_10_0_clk_regs/X (sky130_fd_sc_hd__clkbuf_16)
   0.00   21.14 ^ bus_inst/_297_/CLK (sky130_fd_sc_hd__dfrtp_2)
  -0.25   20.89   clock uncertainty
   0.00   20.89   clock reconvergence pessimism
  -0.08   20.81   library recovery time
          20.81   data required time
---------------------------------------------------------
          20.81   data required time
          -4.53   data arrival time
---------------------------------------------------------
          16.27   slack (MET)


Startpoint: cpu_inst/_16270_ (rising edge-triggered flip-flop clocked by clk)
Endpoint: cpu_inst/_16164_ (rising edge-triggered flip-flop clocked by clk)
Path Group: clk
Path Type: max

  Delay    Time   Description
---------------------------------------------------------
   0.00    0.00   clock clk (rise edge)
   0.00    0.00   clock source latency
   0.02    0.02 ^ clk (in)
   0.11    0.12 ^ clkbuf_regs_0_clk/X (sky130_fd_sc_hd__clkbuf_16)
   0.16    0.29 ^ clkbuf_0_clk_regs/X (sky130_fd_sc_hd__clkbuf_16)
   0.18    0.47 ^ clkbuf_1_0_0_clk_regs/X (sky130_fd_sc_hd__clkbuf_16)
   0.20    0.67 ^ clkbuf_2_0_0_clk_regs/X (sky130_fd_sc_hd__clkbuf_16)
   0.28    0.95 ^ clkbuf_4_3_0_clk_regs/X (sky130_fd_sc_hd__clkbuf_16)
   0.20    1.15 ^ clkbuf_8_48_0_clk_regs/X (sky130_fd_sc_hd__clkbuf_16)
   0.00    1.15 ^ cpu_inst/_16270_/CLK (sky130_fd_sc_hd__dfxtp_1)
   0.62    1.76 ^ cpu_inst/_16270_/Q (sky130_fd_sc_hd__dfxtp_1)
   0.27    2.04 v cpu_inst/_08493_/X (sky130_fd_sc_hd__lpflow_isobufsrc_1)
   0.95    2.99 ^ cpu_inst/_08497_/Y (sky130_fd_sc_hd__nor4_1)
   0.53    3.52 v cpu_inst/_08513_/Y (sky130_fd_sc_hd__nand4_1)
   0.41    3.93 v cpu_inst/_08536_/X (sky130_fd_sc_hd__o211a_1)
   0.30    4.23 ^ cpu_inst/_10652_/Y (sky130_fd_sc_hd__nor4_2)
   0.31    4.53 ^ wire69/X (sky130_fd_sc_hd__clkbuf_4)
   0.30    4.83 v cpu_inst/_10655_/Y (sky130_fd_sc_hd__nand4_1)
   0.82    5.65 ^ cpu_inst/_10657_/Y (sky130_fd_sc_hd__nor4_1)
   0.44    6.09 v cpu_inst/_10660_/Y (sky130_fd_sc_hd__nand4_1)
   0.63    6.72 ^ cpu_inst/_10663_/Y (sky130_fd_sc_hd__nor4_1)
   0.33    7.05 v cpu_inst/_10665_/Y (sky130_fd_sc_hd__nand4_1)
   0.52    7.57 ^ cpu_inst/_10668_/Y (sky130_fd_sc_hd__nor4_1)
   0.31    7.88 v cpu_inst/_10671_/Y (sky130_fd_sc_hd__nand4_1)
   0.88    8.76 ^ cpu_inst/_10673_/Y (sky130_fd_sc_hd__nor4_1)
   0.63    9.39 v cpu_inst/_10675_/Y (sky130_fd_sc_hd__nand4_1)
   1.34   10.72 ^ cpu_inst/_10677_/Y (sky130_fd_sc_hd__nor4_1)
   0.75   11.48 v cpu_inst/_10680_/Y (sky130_fd_sc_hd__nand4_1)
   0.77   12.25 v cpu_inst/_10682_/X (sky130_fd_sc_hd__or4_1)
   0.52   12.77 ^ cpu_inst/_10684_/Y (sky130_fd_sc_hd__nor3_1)
   0.42   13.20 ^ cpu_inst/_10686_/X (sky130_fd_sc_hd__and3_1)
   0.42   13.62 ^ cpu_inst/_10688_/X (sky130_fd_sc_hd__and4_1)
   0.35   13.97 ^ cpu_inst/_10691_/X (sky130_fd_sc_hd__and4_1)
   0.14   14.11 v cpu_inst/_10692_/Y (sky130_fd_sc_hd__nand3_1)
   0.34   14.44 ^ cpu_inst/_10693_/X (sky130_fd_sc_hd__lpflow_isobufsrc_1)
   0.15   14.60 v cpu_inst/_10695_/Y (sky130_fd_sc_hd__nand3_1)
   0.43   15.03 ^ cpu_inst/_10696_/X (sky130_fd_sc_hd__lpflow_isobufsrc_1)
   0.16   15.19 v cpu_inst/_10698_/Y (sky130_fd_sc_hd__nand3_1)
   0.54   15.73 ^ cpu_inst/_10699_/X (sky130_fd_sc_hd__lpflow_isobufsrc_1)
   0.31   16.05 v cpu_inst/_10701_/Y (sky130_fd_sc_hd__nand3_1)
   0.67   16.72 ^ cpu_inst/_10702_/X (sky130_fd_sc_hd__lpflow_isobufsrc_1)
   0.47   17.18 v cpu_inst/_10704_/Y (sky130_fd_sc_hd__nand3_1)
   0.62   17.80 ^ cpu_inst/_10705_/X (sky130_fd_sc_hd__lpflow_isobufsrc_1)
   0.21   18.01 v cpu_inst/_10706_/Y (sky130_fd_sc_hd__nand3_1)
   0.23   18.24 ^ cpu_inst/_14222_/X (sky130_fd_sc_hd__xor2_1)
   0.09   18.32 v cpu_inst/_14223_/Y (sky130_fd_sc_hd__nor2_1)
   0.00   18.32 v cpu_inst/_16164_/D (sky130_fd_sc_hd__dfxtp_1)
          18.32   data arrival time

  20.00   20.00   clock clk (rise edge)
   0.00   20.00   clock source latency
   0.02   20.02 ^ clk (in)
   0.11   20.12 ^ clkbuf_regs_0_clk/X (sky130_fd_sc_hd__clkbuf_16)
   0.16   20.29 ^ clkbuf_0_clk_regs/X (sky130_fd_sc_hd__clkbuf_16)
   0.18   20.47 ^ clkbuf_1_0_0_clk_regs/X (sky130_fd_sc_hd__clkbuf_16)
   0.20   20.67 ^ clkbuf_2_0_0_clk_regs/X (sky130_fd_sc_hd__clkbuf_16)
   0.28   20.95 ^ clkbuf_4_2_0_clk_regs/X (sky130_fd_sc_hd__clkbuf_16)
   0.20   21.15 ^ clkbuf_8_40_0_clk_regs/X (sky130_fd_sc_hd__clkbuf_16)
   0.00   21.15 ^ cpu_inst/_16164_/CLK (sky130_fd_sc_hd__dfxtp_1)
  -0.25   20.90   clock uncertainty
   0.00   20.90   clock reconvergence pessimism
  -0.12   20.78   library setup time
          20.78   data required time
---------------------------------------------------------
          20.78   data required time
         -18.32   data arrival time
---------------------------------------------------------
           2.45   slack (MET)


Startpoint: reset_n (input port clocked by clk)
Endpoint: bus_inst/_300_ (removal check against rising-edge clock clk)
Path Group: asynchronous
Path Type: min

  Delay    Time   Description
---------------------------------------------------------
   0.00    0.00   clock clk (rise edge)
   0.00    0.00   clock network delay (propagated)
   4.00    4.00 ^ input external delay
   0.28    4.28 ^ reset_n (in)
   0.00    4.28 ^ bus_inst/_300_/RESET_B (sky130_fd_sc_hd__dfrtp_1)
           4.28   data arrival time

   0.00    0.00   clock clk (rise edge)
   1.14    1.14   clock network delay (propagated)
   0.25    1.39   clock uncertainty
   0.00    1.39   clock reconvergence pessimism
           1.39 ^ bus_inst/_300_/CLK (sky130_fd_sc_hd__dfrtp_1)
   0.44    1.83   library removal time
           1.83   data required time
---------------------------------------------------------
           1.83   data required time
          -4.28   data arrival time
---------------------------------------------------------
           2.46   slack (MET)


Startpoint: cpu_inst/_16646_ (rising edge-triggered flip-flop clocked by clk)
Endpoint: dmem_inst/sram_macro (falling edge-triggered flip-flop clocked by clk)
Path Group: clk
Path Type: min

  Delay    Time   Description
---------------------------------------------------------
   0.00    0.00   clock clk (rise edge)
   1.09    1.09   clock network delay (propagated)
   0.00    1.09 ^ cpu_inst/_16646_/CLK (sky130_fd_sc_hd__dfxtp_1)
   0.36    1.45 v cpu_inst/_16646_/Q (sky130_fd_sc_hd__dfxtp_1)
   0.00    1.45 v dmem_inst/sram_macro/din0[27] (sky130_sram_1kbyte_1rw1r_32x256_8)
           1.45   data arrival time

   0.00    0.00   clock clk (rise edge)
   1.11    1.11   clock network delay (propagated)
   0.25    1.36   clock uncertainty
   0.00    1.36   clock reconvergence pessimism
           1.36 ^ dmem_inst/sram_macro/clk0 (sky130_sram_1kbyte_1rw1r_32x256_8)
  -0.06    1.30   library hold time
           1.30   data required time
---------------------------------------------------------
           1.30   data required time
          -1.45   data arrival time
---------------------------------------------------------
           0.15   slack (MET)


tns max 0.00
wns max 0.00
Design area 493148 um^2 24% utilization.
Clock clk
   1.26 source latency imem_inst/sram_macro/clk0 v
  -1.13 target latency cpu_inst/_16562_/CLK ^
   0.25 clock uncertainty
   0.00 CRPR
--------------
   0.39 setup skew

Group                  Internal  Switching    Leakage      Total
                          Power      Power      Power      Power (Watts)
----------------------------------------------------------------
Sequential             4.08e-03   2.41e-04   1.62e-08   4.32e-03  33.6%
Combinational          3.62e-04   7.49e-04   1.88e-08   1.11e-03   8.6%
Clock                  3.25e-03   2.23e-03   4.91e-09   5.47e-03  42.6%
Macro                  1.92e-03   0.00e+00   3.81e-05   1.96e-03  15.2%
Pad                    0.00e+00   0.00e+00   0.00e+00   0.00e+00   0.0%
----------------------------------------------------------------
Total                  9.61e-03   3.22e-03   3.81e-05   1.29e-02 100.0%
                          74.7%      25.0%       0.3%
