Running Static Timing Analysis for mini_soc_top...
OpenROAD v2.0-27886-g745f72f2bf 
Features included (+) or not (-): +GPU +GUI +Python
This program is licensed under the BSD-3 license. See the LICENSE file for details.
Components of this program may be licensed under more restrictive licenses which must be honored.
[INFO ODB-0227] LEF file: /home/manal/OpenROAD/test/sky130hd/sky130hd.tlef, created 13 layers, 25 vias
[WARNING ODB-0220] WARNING (LEFPARS-2008): NOWIREEXTENSIONATPIN statement is obsolete in version 5.6 or later.
The NOWIREEXTENSIONATPIN statement will be ignored. See file /home/manal/OpenROAD/test/sky130hd/sky130_fd_sc_hd.lef at line 2.

[INFO ODB-0227] LEF file: /home/manal/OpenROAD/test/sky130hd/sky130_fd_sc_hd.lef, created 437 library cells
[INFO ODB-0227] LEF file: ../macros/sky130_sram_1kbyte_1rw1r_32x256_8.lef, created 1 library cells
[INFO ODB-0127] Reading DEF file: output/routed.def
[INFO ODB-0128] Design: mini_soc_top
[INFO ODB-0094] 		Created 100000 Insts
[INFO ODB-0130]     Created 5 pins.
[INFO ODB-0131]     Created 179131 components and 756831 component-terminals.
[INFO ODB-0132]     Created 2 special nets and 358262 connections.
[INFO ODB-0133]     Created 11123 nets and 39674 connections.
[INFO ODB-0134] Finished DEF file: output/routed.def
Startpoint: reset_n (input port clocked by clk)
Endpoint: bus_inst/_297_ (recovery check against rising-edge clock clk)
Path Group: asynchronous
Path Type: max

    Delay      Time   Description
-------------------------------------------------------------
   0.0000    0.0000   clock clk (rise edge)
   0.0000    0.0000   clock network delay (propagated)
   4.0000    4.0000 ^ input external delay
   0.5344    4.5344 ^ reset_n (in)
   0.0000    4.5344 ^ bus_inst/_297_/RESET_B (sky130_fd_sc_hd__dfrtp_2)
             4.5344   data arrival time

  20.0000   20.0000   clock clk (rise edge)
   0.0000   20.0000   clock source latency
   0.0159   20.0159 ^ clk (in)
   0.1061   20.1220 ^ clkbuf_regs_0_clk/X (sky130_fd_sc_hd__clkbuf_16)
   0.1639   20.2859 ^ clkbuf_0_clk_regs/X (sky130_fd_sc_hd__clkbuf_16)
   0.1829   20.4687 ^ clkbuf_1_0_0_clk_regs/X (sky130_fd_sc_hd__clkbuf_16)
   0.1998   20.6686 ^ clkbuf_2_0_0_clk_regs/X (sky130_fd_sc_hd__clkbuf_16)
   0.2809   20.9495 ^ clkbuf_4_0_0_clk_regs/X (sky130_fd_sc_hd__clkbuf_16)
   0.1871   21.1366 ^ clkbuf_8_10_0_clk_regs/X (sky130_fd_sc_hd__clkbuf_16)
   0.0004   21.1370 ^ bus_inst/_297_/CLK (sky130_fd_sc_hd__dfrtp_2)
  -0.2500   20.8870   clock uncertainty
   0.0000   20.8870   clock reconvergence pessimism
  -0.0793   20.8076   library recovery time
            20.8076   data required time
-------------------------------------------------------------
            20.8076   data required time
            -4.5344   data arrival time
-------------------------------------------------------------
            16.2732   slack (MET)


Startpoint: cpu_inst/_16270_ (rising edge-triggered flip-flop clocked by clk)
Endpoint: cpu_inst/_16164_ (rising edge-triggered flip-flop clocked by clk)
Path Group: clk
Path Type: max

    Delay      Time   Description
-------------------------------------------------------------
   0.0000    0.0000   clock clk (rise edge)
   0.0000    0.0000   clock source latency
   0.0159    0.0159 ^ clk (in)
   0.1061    0.1220 ^ clkbuf_regs_0_clk/X (sky130_fd_sc_hd__clkbuf_16)
   0.1639    0.2859 ^ clkbuf_0_clk_regs/X (sky130_fd_sc_hd__clkbuf_16)
   0.1829    0.4687 ^ clkbuf_1_0_0_clk_regs/X (sky130_fd_sc_hd__clkbuf_16)
   0.1998    0.6686 ^ clkbuf_2_0_0_clk_regs/X (sky130_fd_sc_hd__clkbuf_16)
   0.2825    0.9511 ^ clkbuf_4_3_0_clk_regs/X (sky130_fd_sc_hd__clkbuf_16)
   0.1955    1.1466 ^ clkbuf_8_48_0_clk_regs/X (sky130_fd_sc_hd__clkbuf_16)
   0.0005    1.1472 ^ cpu_inst/_16270_/CLK (sky130_fd_sc_hd__dfxtp_1)
   0.6171    1.7642 ^ cpu_inst/_16270_/Q (sky130_fd_sc_hd__dfxtp_1)
   0.2723    2.0365 v cpu_inst/_08493_/X (sky130_fd_sc_hd__lpflow_isobufsrc_1)
   0.9506    2.9871 ^ cpu_inst/_08497_/Y (sky130_fd_sc_hd__nor4_1)
   0.5318    3.5189 v cpu_inst/_08513_/Y (sky130_fd_sc_hd__nand4_1)
   0.4072    3.9261 v cpu_inst/_08536_/X (sky130_fd_sc_hd__o211a_1)
   0.3008    4.2268 ^ cpu_inst/_10652_/Y (sky130_fd_sc_hd__nor4_2)
   0.3055    4.5324 ^ wire69/X (sky130_fd_sc_hd__clkbuf_4)
   0.2975    4.8299 v cpu_inst/_10655_/Y (sky130_fd_sc_hd__nand4_1)
   0.8224    5.6523 ^ cpu_inst/_10657_/Y (sky130_fd_sc_hd__nor4_1)
   0.4413    6.0936 v cpu_inst/_10660_/Y (sky130_fd_sc_hd__nand4_1)
   0.6307    6.7243 ^ cpu_inst/_10663_/Y (sky130_fd_sc_hd__nor4_1)
   0.3276    7.0519 v cpu_inst/_10665_/Y (sky130_fd_sc_hd__nand4_1)
   0.5187    7.5706 ^ cpu_inst/_10668_/Y (sky130_fd_sc_hd__nor4_1)
   0.3084    7.8791 v cpu_inst/_10671_/Y (sky130_fd_sc_hd__nand4_1)
   0.8804    8.7595 ^ cpu_inst/_10673_/Y (sky130_fd_sc_hd__nor4_1)
   0.6258    9.3853 v cpu_inst/_10675_/Y (sky130_fd_sc_hd__nand4_1)
   1.3392   10.7246 ^ cpu_inst/_10677_/Y (sky130_fd_sc_hd__nor4_1)
   0.7548   11.4794 v cpu_inst/_10680_/Y (sky130_fd_sc_hd__nand4_1)
   0.7726   12.2520 v cpu_inst/_10682_/X (sky130_fd_sc_hd__or4_1)
   0.5225   12.7744 ^ cpu_inst/_10684_/Y (sky130_fd_sc_hd__nor3_1)
   0.4214   13.1958 ^ cpu_inst/_10686_/X (sky130_fd_sc_hd__and3_1)
   0.4228   13.6186 ^ cpu_inst/_10688_/X (sky130_fd_sc_hd__and4_1)
   0.3535   13.9721 ^ cpu_inst/_10691_/X (sky130_fd_sc_hd__and4_1)
   0.1370   14.1091 v cpu_inst/_10692_/Y (sky130_fd_sc_hd__nand3_1)
   0.3357   14.4447 ^ cpu_inst/_10693_/X (sky130_fd_sc_hd__lpflow_isobufsrc_1)
   0.1520   14.5968 v cpu_inst/_10695_/Y (sky130_fd_sc_hd__nand3_1)
   0.4285   15.0253 ^ cpu_inst/_10696_/X (sky130_fd_sc_hd__lpflow_isobufsrc_1)
   0.1644   15.1897 v cpu_inst/_10698_/Y (sky130_fd_sc_hd__nand3_1)
   0.5419   15.7317 ^ cpu_inst/_10699_/X (sky130_fd_sc_hd__lpflow_isobufsrc_1)
   0.3134   16.0451 v cpu_inst/_10701_/Y (sky130_fd_sc_hd__nand3_1)
   0.6709   16.7161 ^ cpu_inst/_10702_/X (sky130_fd_sc_hd__lpflow_isobufsrc_1)
   0.4665   17.1826 v cpu_inst/_10704_/Y (sky130_fd_sc_hd__nand3_1)
   0.6174   17.8000 ^ cpu_inst/_10705_/X (sky130_fd_sc_hd__lpflow_isobufsrc_1)
   0.2085   18.0085 v cpu_inst/_10706_/Y (sky130_fd_sc_hd__nand3_1)
   0.2274   18.2359 ^ cpu_inst/_14222_/X (sky130_fd_sc_hd__xor2_1)
   0.0886   18.3245 v cpu_inst/_14223_/Y (sky130_fd_sc_hd__nor2_1)
   0.0003   18.3247 v cpu_inst/_16164_/D (sky130_fd_sc_hd__dfxtp_1)
            18.3247   data arrival time

  20.0000   20.0000   clock clk (rise edge)
   0.0000   20.0000   clock source latency
   0.0159   20.0159 ^ clk (in)
   0.1061   20.1220 ^ clkbuf_regs_0_clk/X (sky130_fd_sc_hd__clkbuf_16)
   0.1639   20.2859 ^ clkbuf_0_clk_regs/X (sky130_fd_sc_hd__clkbuf_16)
   0.1829   20.4687 ^ clkbuf_1_0_0_clk_regs/X (sky130_fd_sc_hd__clkbuf_16)
   0.1998   20.6686 ^ clkbuf_2_0_0_clk_regs/X (sky130_fd_sc_hd__clkbuf_16)
   0.2793   20.9479 ^ clkbuf_4_2_0_clk_regs/X (sky130_fd_sc_hd__clkbuf_16)
   0.2009   21.1488 ^ clkbuf_8_40_0_clk_regs/X (sky130_fd_sc_hd__clkbuf_16)
   0.0007   21.1495 ^ cpu_inst/_16164_/CLK (sky130_fd_sc_hd__dfxtp_1)
  -0.2500   20.8995   clock uncertainty
   0.0000   20.8995   clock reconvergence pessimism
  -0.1199   20.7796   library setup time
            20.7796   data required time
-------------------------------------------------------------
            20.7796   data required time
           -18.3247   data arrival time
-------------------------------------------------------------
             2.4549   slack (MET)


tns max 0.00
wns max 0.00
